Archive member included to satisfy reference by file (symbol)

/usr/bin/gcc-arm-none-eabi-6-2017-q2-update/bin/../lib/gcc/arm-none-eabi/6.3.1/../../../../arm-none-eabi/lib/thumb/v7-m/libc_nano.a(lib_a-assert.o)
                              build/uavcan.o (__assert_func)
/usr/bin/gcc-arm-none-eabi-6-2017-q2-update/bin/../lib/gcc/arm-none-eabi/6.3.1/../../../../arm-none-eabi/lib/thumb/v7-m/libc_nano.a(lib_a-exit.o)
                              /usr/bin/gcc-arm-none-eabi-6-2017-q2-update/bin/../lib/gcc/arm-none-eabi/6.3.1/../../../../arm-none-eabi/lib/thumb/v7-m/crt0.o (exit)
/usr/bin/gcc-arm-none-eabi-6-2017-q2-update/bin/../lib/gcc/arm-none-eabi/6.3.1/../../../../arm-none-eabi/lib/thumb/v7-m/libc_nano.a(lib_a-fprintf.o)
                              /usr/bin/gcc-arm-none-eabi-6-2017-q2-update/bin/../lib/gcc/arm-none-eabi/6.3.1/../../../../arm-none-eabi/lib/thumb/v7-m/libc_nano.a(lib_a-assert.o) (fiprintf)
/usr/bin/gcc-arm-none-eabi-6-2017-q2-update/bin/../lib/gcc/arm-none-eabi/6.3.1/../../../../arm-none-eabi/lib/thumb/v7-m/libc_nano.a(lib_a-impure.o)
                              /usr/bin/gcc-arm-none-eabi-6-2017-q2-update/bin/../lib/gcc/arm-none-eabi/6.3.1/../../../../arm-none-eabi/lib/thumb/v7-m/libc_nano.a(lib_a-exit.o) (_global_impure_ptr)
/usr/bin/gcc-arm-none-eabi-6-2017-q2-update/bin/../lib/gcc/arm-none-eabi/6.3.1/../../../../arm-none-eabi/lib/thumb/v7-m/libc_nano.a(lib_a-init.o)
                              /usr/bin/gcc-arm-none-eabi-6-2017-q2-update/bin/../lib/gcc/arm-none-eabi/6.3.1/../../../../arm-none-eabi/lib/thumb/v7-m/crt0.o (__libc_init_array)
/usr/bin/gcc-arm-none-eabi-6-2017-q2-update/bin/../lib/gcc/arm-none-eabi/6.3.1/../../../../arm-none-eabi/lib/thumb/v7-m/libc_nano.a(lib_a-memcpy-stub.o)
                              build/queue.o (memcpy)
/usr/bin/gcc-arm-none-eabi-6-2017-q2-update/bin/../lib/gcc/arm-none-eabi/6.3.1/../../../../arm-none-eabi/lib/thumb/v7-m/libc_nano.a(lib_a-memset.o)
                              /usr/bin/gcc-arm-none-eabi-6-2017-q2-update/bin/../lib/gcc/arm-none-eabi/6.3.1/../../../../arm-none-eabi/lib/thumb/v7-m/crt0.o (memset)
/usr/bin/gcc-arm-none-eabi-6-2017-q2-update/bin/../lib/gcc/arm-none-eabi/6.3.1/../../../../arm-none-eabi/lib/thumb/v7-m/libc_nano.a(lib_a-nano-vfprintf.o)
                              /usr/bin/gcc-arm-none-eabi-6-2017-q2-update/bin/../lib/gcc/arm-none-eabi/6.3.1/../../../../arm-none-eabi/lib/thumb/v7-m/libc_nano.a(lib_a-fprintf.o) (_vfprintf_r)
/usr/bin/gcc-arm-none-eabi-6-2017-q2-update/bin/../lib/gcc/arm-none-eabi/6.3.1/../../../../arm-none-eabi/lib/thumb/v7-m/libc_nano.a(lib_a-nano-vfprintf_i.o)
                              /usr/bin/gcc-arm-none-eabi-6-2017-q2-update/bin/../lib/gcc/arm-none-eabi/6.3.1/../../../../arm-none-eabi/lib/thumb/v7-m/libc_nano.a(lib_a-nano-vfprintf.o) (_printf_i)
/usr/bin/gcc-arm-none-eabi-6-2017-q2-update/bin/../lib/gcc/arm-none-eabi/6.3.1/../../../../arm-none-eabi/lib/thumb/v7-m/libc_nano.a(lib_a-wbuf.o)
                              /usr/bin/gcc-arm-none-eabi-6-2017-q2-update/bin/../lib/gcc/arm-none-eabi/6.3.1/../../../../arm-none-eabi/lib/thumb/v7-m/libc_nano.a(lib_a-nano-vfprintf.o) (__swbuf_r)
/usr/bin/gcc-arm-none-eabi-6-2017-q2-update/bin/../lib/gcc/arm-none-eabi/6.3.1/../../../../arm-none-eabi/lib/thumb/v7-m/libc_nano.a(lib_a-wsetup.o)
                              /usr/bin/gcc-arm-none-eabi-6-2017-q2-update/bin/../lib/gcc/arm-none-eabi/6.3.1/../../../../arm-none-eabi/lib/thumb/v7-m/libc_nano.a(lib_a-nano-vfprintf.o) (__swsetup_r)
/usr/bin/gcc-arm-none-eabi-6-2017-q2-update/bin/../lib/gcc/arm-none-eabi/6.3.1/../../../../arm-none-eabi/lib/thumb/v7-m/libc_nano.a(lib_a-abort.o)
                              /usr/bin/gcc-arm-none-eabi-6-2017-q2-update/bin/../lib/gcc/arm-none-eabi/6.3.1/../../../../arm-none-eabi/lib/thumb/v7-m/libc_nano.a(lib_a-assert.o) (abort)
/usr/bin/gcc-arm-none-eabi-6-2017-q2-update/bin/../lib/gcc/arm-none-eabi/6.3.1/../../../../arm-none-eabi/lib/thumb/v7-m/libc_nano.a(lib_a-fflush.o)
                              /usr/bin/gcc-arm-none-eabi-6-2017-q2-update/bin/../lib/gcc/arm-none-eabi/6.3.1/../../../../arm-none-eabi/lib/thumb/v7-m/libc_nano.a(lib_a-wbuf.o) (_fflush_r)
/usr/bin/gcc-arm-none-eabi-6-2017-q2-update/bin/../lib/gcc/arm-none-eabi/6.3.1/../../../../arm-none-eabi/lib/thumb/v7-m/libc_nano.a(lib_a-findfp.o)
                              /usr/bin/gcc-arm-none-eabi-6-2017-q2-update/bin/../lib/gcc/arm-none-eabi/6.3.1/../../../../arm-none-eabi/lib/thumb/v7-m/libc_nano.a(lib_a-nano-vfprintf.o) (__sinit)
/usr/bin/gcc-arm-none-eabi-6-2017-q2-update/bin/../lib/gcc/arm-none-eabi/6.3.1/../../../../arm-none-eabi/lib/thumb/v7-m/libc_nano.a(lib_a-fvwrite.o)
                              /usr/bin/gcc-arm-none-eabi-6-2017-q2-update/bin/../lib/gcc/arm-none-eabi/6.3.1/../../../../arm-none-eabi/lib/thumb/v7-m/libc_nano.a(lib_a-nano-vfprintf.o) (__sfvwrite_r)
[...]
Memory Configuration

Name             Origin             Length             Attributes
RAM              0x0000000020000000 0x0000000000005000 xrw
FLASH            0x0000000008000000 0x0000000000010000 xr
*default*        0x0000000000000000 0xffffffffffffffff

Linker script and memory map

LOAD /usr/bin/gcc-arm-none-eabi-6-2017-q2-update/bin/../lib/gcc/arm-none-eabi/6.3.1/thumb/v7-m/crti.o
LOAD /usr/bin/gcc-arm-none-eabi-6-2017-q2-update/bin/../lib/gcc/arm-none-eabi/6.3.1/thumb/v7-m/crtbegin.o
LOAD /usr/bin/gcc-arm-none-eabi-6-2017-q2-update/bin/../lib/gcc/arm-none-eabi/6.3.1/../../../../arm-none-eabi/lib/thumb/v7-m/crt0.o
LOAD build/main.o
LOAD build/freertos.o
LOAD build/stm32f1xx_it.o
LOAD build/stm32f1xx_hal_msp.o
LOAD build/stm32f1xx_hal_gpio_ex.o
LOAD build/stm32f1xx_hal_can.o
LOAD build/stm32f1xx_hal_tim.o
LOAD build/stm32f1xx_hal_tim_ex.o
LOAD build/stm32f1xx_hal_uart.o
LOAD build/stm32f1xx_hal.o
LOAD build/stm32f1xx_hal_rcc.o
LOAD build/stm32f1xx_hal_rcc_ex.o
LOAD build/stm32f1xx_hal_gpio.o
LOAD build/stm32f1xx_hal_dma.o
LOAD build/stm32f1xx_hal_cortex.o
LOAD build/stm32f1xx_hal_pwr.o
LOAD build/stm32f1xx_hal_flash.o
LOAD build/stm32f1xx_hal_flash_ex.o
LOAD build/system_stm32f1xx.o
LOAD build/heap_4.o
LOAD build/port.o
LOAD build/timers.o
LOAD build/list.o
LOAD build/tasks.o
LOAD build/croutine.o
LOAD build/event_groups.o
LOAD build/queue.o
LOAD build/cmsis_os.o
LOAD build/uavcan.o
LOAD build/canard.o
LOAD build/canard_stm32.o
LOAD build/startup_stm32f103xb.o
LOAD /usr/bin/gcc-arm-none-eabi-6-2017-q2-update/bin/../lib/gcc/arm-none-eabi/6.3.1/../../../../arm-none-eabi/lib/thumb/v7-m/libc_nano.a
LOAD /usr/bin/gcc-arm-none-eabi-6-2017-q2-update/bin/../lib/gcc/arm-none-eabi/6.3.1/../../../../arm-none-eabi/lib/thumb/v7-m/libm.a
LOAD /usr/bin/gcc-arm-none-eabi-6-2017-q2-update/bin/../lib/gcc/arm-none-eabi/6.3.1/../../../../arm-none-eabi/lib/thumb/v7-m/libnosys.a
START GROUP
LOAD /usr/bin/gcc-arm-none-eabi-6-2017-q2-update/bin/../lib/gcc/arm-none-eabi/6.3.1/thumb/v7-m/libgcc.a
LOAD /usr/bin/gcc-arm-none-eabi-6-2017-q2-update/bin/../lib/gcc/arm-none-eabi/6.3.1/../../../../arm-none-eabi/lib/thumb/v7-m/libc_nano.a
END GROUP
START GROUP
LOAD /usr/bin/gcc-arm-none-eabi-6-2017-q2-update/bin/../lib/gcc/arm-none-eabi/6.3.1/thumb/v7-m/libgcc.a
LOAD /usr/bin/gcc-arm-none-eabi-6-2017-q2-update/bin/../lib/gcc/arm-none-eabi/6.3.1/../../../../arm-none-eabi/lib/thumb/v7-m/libc_nano.a
END GROUP
LOAD /usr/bin/gcc-arm-none-eabi-6-2017-q2-update/bin/../lib/gcc/arm-none-eabi/6.3.1/thumb/v7-m/crtend.o
LOAD /usr/bin/gcc-arm-none-eabi-6-2017-q2-update/bin/../lib/gcc/arm-none-eabi/6.3.1/thumb/v7-m/crtn.o
                0x0000000020005000                _estack = 0x20005000
                0x0000000000000200                _Min_Heap_Size = 0x200
                0x0000000000000400                _Min_Stack_Size = 0x400

.isr_vector     0x0000000008000000      0x10c
                0x0000000008000000                . = ALIGN (0x4)
 *(.isr_vector)
 .isr_vector    0x0000000008000000      0x10c build/startup_stm32f103xb.o
                0x0000000008000000                g_pfnVectors
                0x000000000800010c                . = ALIGN (0x4)

.text           0x0000000008000110     0x4548
                0x0000000008000110                . = ALIGN (0x4)
 *(.text)
 .text          0x0000000008000110       0x6c /usr/bin/gcc-arm-none-eabi-6-2017-q2-update/bin/../lib/gcc/arm-none-eabi/6.3.1/thumb/v7-m/crtbegin.o
 *(.text*)
 .text.StartTask02
                0x000000000800017c        0x2 build/main.o
                0x000000000800017c                StartTask02
 *fill*         0x000000000800017e        0x2 
 .text.MX_GPIO_Init
                0x0000000008000180       0x70 build/main.o
 .text.StartTask01
                0x00000000080001f0       0x10 build/main.o
                0x00000000080001f0                StartTask01
 .text._Error_Handler
                0x0000000008000200        0x2 build/main.o
                0x0000000008000200                _Error_Handler
 *fill*         0x0000000008000202        0x2 
 .text.MX_USART1_UART_Init
                0x0000000008000204       0x3c build/main.o
 .text.MX_CAN_Init
                0x0000000008000240       0x40 build/main.o
 .text.SystemClock_Config
                0x0000000008000280       0x84 build/main.o
                0x0000000008000280                SystemClock_Config
 .text.main     0x0000000008000304       0x60 build/main.o
                0x0000000008000304                main
 .text.NMI_Handler
                0x0000000008000364        0x2 build/stm32f1xx_it.o
                0x0000000008000364                NMI_Handler
 .text.HardFault_Handler
                0x0000000008000366        0x2 build/stm32f1xx_it.o
                0x0000000008000366                HardFault_Handler
 .text.MemManage_Handler
                0x0000000008000368        0x2 build/stm32f1xx_it.o
                0x0000000008000368                MemManage_Handler
 .text.BusFault_Handler
                0x000000000800036a        0x2 build/stm32f1xx_it.o
                0x000000000800036a                BusFault_Handler
 .text.UsageFault_Handler
                0x000000000800036c        0x2 build/stm32f1xx_it.o
                0x000000000800036c                UsageFault_Handler
 .text.DebugMon_Handler
                0x000000000800036e        0x2 build/stm32f1xx_it.o
                0x000000000800036e                DebugMon_Handler
 .text.SysTick_Handler
                0x0000000008000370        0xc build/stm32f1xx_it.o
                0x0000000008000370                SysTick_Handler
 .text.USART1_IRQHandler
                0x000000000800037c       0x10 build/stm32f1xx_it.o
                0x000000000800037c                USART1_IRQHandler
 .text.HAL_MspInit
                0x000000000800038c       0xa0 build/stm32f1xx_hal_msp.o
                0x000000000800038c                HAL_MspInit
 .text.HAL_CAN_MspInit
                0x000000000800042c       0x5c build/stm32f1xx_hal_msp.o
                0x000000000800042c                HAL_CAN_MspInit
 .text.HAL_UART_MspInit
                0x0000000008000488       0x6c build/stm32f1xx_hal_msp.o
                0x0000000008000488                HAL_UART_MspInit
 .text.HAL_CAN_Init
                0x00000000080004f4      0x142 build/stm32f1xx_hal_can.o
                0x00000000080004f4                HAL_CAN_Init
 .text.UART_EndRxTransfer
                0x0000000008000636       0x1c build/stm32f1xx_hal_uart.o
 .text.UART_Transmit_IT
                0x0000000008000652       0x6a build/stm32f1xx_hal_uart.o
 .text.UART_SetConfig
                0x00000000080006bc      0x1b0 build/stm32f1xx_hal_uart.o
 .text.HAL_UART_Init
                0x000000000800086c       0x5e build/stm32f1xx_hal_uart.o
                0x000000000800086c                HAL_UART_Init
 .text.HAL_UART_TxCpltCallback
                0x00000000080008ca        0x2 build/stm32f1xx_hal_uart.o
                0x00000000080008ca                HAL_UART_TxCpltCallback
 .text.UART_EndTransmit_IT
                0x00000000080008cc       0x1a build/stm32f1xx_hal_uart.o
 .text.HAL_UART_RxCpltCallback
                0x00000000080008e6        0x2 build/stm32f1xx_hal_uart.o
                0x00000000080008e6                HAL_UART_RxCpltCallback
 .text.UART_Receive_IT
                0x00000000080008e8       0x9e build/stm32f1xx_hal_uart.o
 .text.HAL_UART_ErrorCallback
                0x0000000008000986        0x2 build/stm32f1xx_hal_uart.o
                0x0000000008000986                HAL_UART_ErrorCallback
 .text.HAL_UART_IRQHandler
                0x0000000008000988      0x120 build/stm32f1xx_hal_uart.o
                0x0000000008000988                HAL_UART_IRQHandler
 .text.UART_DMAAbortOnError
                0x0000000008000aa8       0x10 build/stm32f1xx_hal_uart.o
 .text.HAL_InitTick
                0x0000000008000ab8       0x4c build/stm32f1xx_hal.o
                0x0000000008000ab8                HAL_InitTick
 .text.HAL_Init
                0x0000000008000b04       0x24 build/stm32f1xx_hal.o
                0x0000000008000b04                HAL_Init
 .text.HAL_IncTick
                0x0000000008000b28       0x18 build/stm32f1xx_hal.o
                0x0000000008000b28                HAL_IncTick
 .text.HAL_GetTick
                0x0000000008000b40        0xc build/stm32f1xx_hal.o
                0x0000000008000b40                HAL_GetTick
 .text.RCC_Delay
                0x0000000008000b4c       0x2c build/stm32f1xx_hal_rcc.o
 .text.HAL_RCC_OscConfig
                0x0000000008000b78      0x3e0 build/stm32f1xx_hal_rcc.o
                0x0000000008000b78                HAL_RCC_OscConfig
 .text.HAL_RCC_GetSysClockFreq
                0x0000000008000f58       0x6c build/stm32f1xx_hal_rcc.o
                0x0000000008000f58                HAL_RCC_GetSysClockFreq
 .text.HAL_RCC_ClockConfig
                0x0000000008000fc4      0x178 build/stm32f1xx_hal_rcc.o
                0x0000000008000fc4                HAL_RCC_ClockConfig
 .text.HAL_RCC_GetHCLKFreq
                0x000000000800113c        0xc build/stm32f1xx_hal_rcc.o
                0x000000000800113c                HAL_RCC_GetHCLKFreq
 .text.HAL_RCC_GetPCLK1Freq
                0x0000000008001148       0x20 build/stm32f1xx_hal_rcc.o
                0x0000000008001148                HAL_RCC_GetPCLK1Freq
 .text.HAL_RCC_GetPCLK2Freq
                0x0000000008001168       0x20 build/stm32f1xx_hal_rcc.o
                0x0000000008001168                HAL_RCC_GetPCLK2Freq
 .text.HAL_GPIO_Init
                0x0000000008001188      0x1ec build/stm32f1xx_hal_gpio.o
                0x0000000008001188                HAL_GPIO_Init
 .text.HAL_GPIO_WritePin
                0x0000000008001374        0xc build/stm32f1xx_hal_gpio.o
                0x0000000008001374                HAL_GPIO_WritePin
 .text.HAL_GPIO_TogglePin
                0x0000000008001380        0x8 build/stm32f1xx_hal_gpio.o
                0x0000000008001380                HAL_GPIO_TogglePin
 .text.HAL_DMA_Abort_IT
                0x0000000008001388       0x98 build/stm32f1xx_hal_dma.o
                0x0000000008001388                HAL_DMA_Abort_IT
 .text.HAL_NVIC_SetPriorityGrouping
                0x0000000008001420       0x24 build/stm32f1xx_hal_cortex.o
                0x0000000008001420                HAL_NVIC_SetPriorityGrouping
 .text.HAL_NVIC_SetPriority
                0x0000000008001444       0x64 build/stm32f1xx_hal_cortex.o
                0x0000000008001444                HAL_NVIC_SetPriority
 .text.HAL_NVIC_EnableIRQ
                0x00000000080014a8       0x18 build/stm32f1xx_hal_cortex.o
                0x00000000080014a8                HAL_NVIC_EnableIRQ
 .text.HAL_SYSTICK_Config
                0x00000000080014c0       0x2c build/stm32f1xx_hal_cortex.o
                0x00000000080014c0                HAL_SYSTICK_Config
 .text.HAL_SYSTICK_CLKSourceConfig
                0x00000000080014ec       0x20 build/stm32f1xx_hal_cortex.o
                0x00000000080014ec                HAL_SYSTICK_CLKSourceConfig
 .text.SystemInit
                0x000000000800150c       0x4c build/system_stm32f1xx.o
                0x000000000800150c                SystemInit
 .text.prvHeapInit
                0x0000000008001558       0x64 build/heap_4.o
 .text.prvInsertBlockIntoFreeList
                0x00000000080015bc       0x54 build/heap_4.o
 .text.pvPortMalloc
                0x0000000008001610      0x108 build/heap_4.o
                0x0000000008001610                pvPortMalloc
 .text.vPortFree
                0x0000000008001718       0x70 build/heap_4.o
                0x0000000008001718                vPortFree
 .text.prvTaskExitError
                0x0000000008001788       0x34 build/port.o
 .text.prvPortStartFirstTask
                0x00000000080017bc       0x20 build/port.o
 .text.pxPortInitialiseStack
                0x00000000080017dc       0x24 build/port.o
                0x00000000080017dc                pxPortInitialiseStack
 .text.SVC_Handler
                0x0000000008001800       0x24 build/port.o
                0x0000000008001800                SVC_Handler
 .text.vPortEnterCritical
                0x0000000008001824       0x44 build/port.o
                0x0000000008001824                vPortEnterCritical
 .text.vPortExitCritical
                0x0000000008001868       0x2c build/port.o
                0x0000000008001868                vPortExitCritical
 *fill*         0x0000000008001894        0xc 
 .text.PendSV_Handler
                0x00000000080018a0       0x44 build/port.o
                0x00000000080018a0                PendSV_Handler
 .text.xPortSysTickHandler
                0x00000000080018e4       0x2c build/port.o
                0x00000000080018e4                xPortSysTickHandler
 .text.vPortSetupTimerInterrupt
                0x0000000008001910       0x2c build/port.o
                0x0000000008001910                vPortSetupTimerInterrupt
 .text.xPortStartScheduler
                0x000000000800193c       0x98 build/port.o
                0x000000000800193c                xPortStartScheduler
 .text.vListInitialise
                0x00000000080019d4       0x16 build/list.o
                0x00000000080019d4                vListInitialise
 .text.vListInitialiseItem
                0x00000000080019ea        0x6 build/list.o
                0x00000000080019ea                vListInitialiseItem
 .text.vListInsertEnd
                0x00000000080019f0       0x18 build/list.o
                0x00000000080019f0                vListInsertEnd
 .text.uxListRemove
                0x0000000008001a08       0x26 build/list.o
                0x0000000008001a08                uxListRemove
 *fill*         0x0000000008001a2e        0x2 
 .text.prvResetNextTaskUnblockTime
                0x0000000008001a30       0x34 build/tasks.o
 .text.prvDeleteTCB
                0x0000000008001a64       0x12 build/tasks.o
 .text.prvInitialiseNewTask
                0x0000000008001a76       0x80 build/tasks.o
 *fill*         0x0000000008001af6        0x2 
 .text.prvInitialiseTaskLists
                0x0000000008001af8       0x68 build/tasks.o
 .text.prvAddNewTaskToReadyList
                0x0000000008001b60       0xa8 build/tasks.o
 .text.xTaskCreate
                0x0000000008001c08       0x62 build/tasks.o
                0x0000000008001c08                xTaskCreate
 *fill*         0x0000000008001c6a        0x2 
 .text.vTaskStartScheduler
                0x0000000008001c6c       0x7c build/tasks.o
                0x0000000008001c6c                vTaskStartScheduler
 .text.vTaskSuspendAll
                0x0000000008001ce8       0x10 build/tasks.o
                0x0000000008001ce8                vTaskSuspendAll
 .text.xTaskIncrementTick
                0x0000000008001cf8      0x120 build/tasks.o
                0x0000000008001cf8                xTaskIncrementTick
 .text.xTaskResumeAll
                0x0000000008001e18       0xfc build/tasks.o
                0x0000000008001e18                xTaskResumeAll
 .text.prvCheckTasksWaitingTermination
                0x0000000008001f14       0x5c build/tasks.o
 .text.prvIdleTask
                0x0000000008001f70       0x28 build/tasks.o
 .text.vTaskSwitchContext
                0x0000000008001f98       0x98 build/tasks.o
                0x0000000008001f98                vTaskSwitchContext
 .text.xTaskGetSchedulerState
                0x0000000008002030       0x20 build/tasks.o
                0x0000000008002030                xTaskGetSchedulerState
 .text.makeFreeRtosPriority
                0x0000000008002050        0xc build/cmsis_os.o
 .text.osKernelStart
                0x000000000800205c        0xa build/cmsis_os.o
                0x000000000800205c                osKernelStart
 .text.osThreadCreate
                0x0000000008002066       0x34 build/cmsis_os.o
                0x0000000008002066                osThreadCreate
 .text.osSystickHandler
                0x000000000800209a       0x10 build/cmsis_os.o
                0x000000000800209a                osSystickHandler
 *fill*         0x00000000080020aa        0x6 
 .text.shouldAcceptTransfer
                0x00000000080020b0       0x28 build/uavcan.o
                0x00000000080020b0                shouldAcceptTransfer
 .text.uavcanInit
                0x00000000080020d8      0x148 build/uavcan.o
                0x00000000080020d8                uavcanInit
 .text.sendCanard
                0x0000000008002220       0x30 build/uavcan.o
                0x0000000008002220                sendCanard
 .text.receiveCanard
                0x0000000008002250       0x30 build/uavcan.o
                0x0000000008002250                receiveCanard
 .text.makeNodeStatusMessage
                0x0000000008002280       0x58 build/uavcan.o
                0x0000000008002280                makeNodeStatusMessage
 .text.spinCanard
                0x00000000080022d8       0x70 build/uavcan.o
                0x00000000080022d8                spinCanard
 .text.readUniqueID
                0x0000000008002348       0x10 build/uavcan.o
                0x0000000008002348                readUniqueID
 .text.makeNodeInfoMessage
                0x0000000008002358       0x64 build/uavcan.o
                0x0000000008002358                makeNodeInfoMessage
 *fill*         0x00000000080023bc        0x4 
 .text.getNodeInfoHandleCanard
                0x00000000080023c0       0x4c build/uavcan.o
                0x00000000080023c0                getNodeInfoHandleCanard
 .text.onTransferReceived
                0x000000000800240c       0x18 build/uavcan.o
                0x000000000800240c                onTransferReceived
 .text.computeTransferIDForwardDistance
                0x0000000008002424       0x12 build/canard.o
 .text.isPriorityHigher
                0x0000000008002436       0x52 build/canard.o
 .text.extractTransferType
                0x0000000008002488       0x18 build/canard.o
 .text.extractDataType
                0x00000000080024a0       0x22 build/canard.o
 .text.findRxState
                0x00000000080024c2        0xe build/canard.o
 .text.isBigEndian
                0x00000000080024d0        0x4 build/canard.o
 .text.crcAddByte
                0x00000000080024d4       0x2a build/canard.o
 .text.crcAddSignature
                0x00000000080024fe       0x32 build/canard.o
 .text.crcAdd   0x0000000008002530       0x18 build/canard.o
 .text.initPoolAllocator
                0x0000000008002548       0x24 build/canard.o
 .text.allocateBlock
                0x000000000800256c       0x24 build/canard.o
 .text.createBufferBlock
                0x0000000008002590       0x12 build/canard.o
 .text.bufferBlockPushBytes
                0x00000000080025a2      0x120 build/canard.o
 *fill*         0x00000000080026c2        0x2 
 .text.pushTxQueue
                0x00000000080026c4       0x80 build/canard.o
 .text.incrementTransferID
                0x0000000008002744       0x30 build/canard.o
 .text.freeBlock
                0x0000000008002774       0x2c build/canard.o
 .text.releaseStatePayload
                0x00000000080027a0       0x28 build/canard.o
 .text.prepareForNextTransfer
                0x00000000080027c8       0x40 build/canard.o
 .text.copyBitArray
                0x0000000008002808       0x94 build/canard.o
 .text.swapByteOrder
                0x000000000800289c       0x38 build/canard.o
 .text.createTxItem
                0x00000000080028d4       0x1a build/canard.o
 *fill*         0x00000000080028ee        0x2 
 .text.enqueueTxFrames
                0x00000000080028f0      0x140 build/canard.o
 .text.createRxState
                0x0000000008002a30       0x3a build/canard.o
 .text.prependRxState
                0x0000000008002a6a       0x18 build/canard.o
 .text.traverseRxStates
                0x0000000008002a82       0x34 build/canard.o
 *fill*         0x0000000008002ab6        0x2 
 .text.canardInit
                0x0000000008002ab8       0x54 build/canard.o
                0x0000000008002ab8                canardInit
 .text.canardSetLocalNodeID
                0x0000000008002b0c       0x3c build/canard.o
                0x0000000008002b0c                canardSetLocalNodeID
 .text.canardGetLocalNodeID
                0x0000000008002b48        0x4 build/canard.o
                0x0000000008002b48                canardGetLocalNodeID
 .text.canardBroadcast
                0x0000000008002b4c       0xc6 build/canard.o
                0x0000000008002b4c                canardBroadcast
 .text.canardRequestOrRespond
                0x0000000008002c12       0x9c build/canard.o
                0x0000000008002c12                canardRequestOrRespond
 .text.canardPeekTxQueue
                0x0000000008002cae        0xc build/canard.o
                0x0000000008002cae                canardPeekTxQueue
 .text.canardPopTxQueue
                0x0000000008002cba       0x10 build/canard.o
                0x0000000008002cba                canardPopTxQueue
 *fill*         0x0000000008002cca        0x2 
 .text.canardEncodeScalar
                0x0000000008002ccc      0x104 build/canard.o
                0x0000000008002ccc                canardEncodeScalar
 .text.canardReleaseRxTransferPayload
                0x0000000008002dd0       0x26 build/canard.o
                0x0000000008002dd0                canardReleaseRxTransferPayload
 *fill*         0x0000000008002df6        0x2 
 .text.canardHandleRxFrame
                0x0000000008002df8      0x3b0 build/canard.o
                0x0000000008002df8                canardHandleRxFrame
 .text.isFramePriorityHigher
                0x00000000080031a8       0x54 build/canard_stm32.o
 .text.convertFrameIDCanardToRegister
                0x00000000080031fc       0x1a build/canard_stm32.o
 .text.convertFrameIDRegisterToCanard
                0x0000000008003216       0x1e build/canard_stm32.o
 .text.waitMSRINAKBitStateChange
                0x0000000008003234       0x22 build/canard_stm32.o
 *fill*         0x0000000008003256        0x2 
 .text.processErrorStatus
                0x0000000008003258       0x48 build/canard_stm32.o
 .text.canardSTM32Init
                0x00000000080032a0      0x1c8 build/canard_stm32.o
                0x00000000080032a0                canardSTM32Init
 .text.canardSTM32Transmit
                0x0000000008003468      0x114 build/canard_stm32.o
                0x0000000008003468                canardSTM32Transmit
 .text.canardSTM32Receive
                0x000000000800357c       0x98 build/canard_stm32.o
                0x000000000800357c                canardSTM32Receive
 .text.Reset_Handler
                0x0000000008003614       0x48 build/startup_stm32f103xb.o
                0x0000000008003614                Reset_Handler
 .text.Default_Handler
                0x000000000800365c        0x2 build/startup_stm32f103xb.o
                0x000000000800365c                RTC_Alarm_IRQHandler
                0x000000000800365c                EXTI2_IRQHandler
                0x000000000800365c                TIM1_CC_IRQHandler
                0x000000000800365c                PVD_IRQHandler
                0x000000000800365c                EXTI3_IRQHandler
                0x000000000800365c                EXTI0_IRQHandler
                0x000000000800365c                I2C2_EV_IRQHandler
                0x000000000800365c                ADC1_2_IRQHandler
                0x000000000800365c                SPI1_IRQHandler
                0x000000000800365c                TAMPER_IRQHandler
                0x000000000800365c                DMA1_Channel4_IRQHandler
                0x000000000800365c                USART3_IRQHandler
                0x000000000800365c                RTC_IRQHandler
                0x000000000800365c                DMA1_Channel7_IRQHandler
                0x000000000800365c                CAN1_RX1_IRQHandler
                0x000000000800365c                TIM4_IRQHandler
                0x000000000800365c                I2C1_EV_IRQHandler
                0x000000000800365c                DMA1_Channel6_IRQHandler
                0x000000000800365c                TIM3_IRQHandler
                0x000000000800365c                RCC_IRQHandler
                0x000000000800365c                TIM1_TRG_COM_IRQHandler
                0x000000000800365c                DMA1_Channel1_IRQHandler
                0x000000000800365c                Default_Handler
                0x000000000800365c                EXTI15_10_IRQHandler
                0x000000000800365c                EXTI9_5_IRQHandler
                0x000000000800365c                SPI2_IRQHandler
                0x000000000800365c                DMA1_Channel5_IRQHandler
                0x000000000800365c                EXTI4_IRQHandler
                0x000000000800365c                USB_LP_CAN1_RX0_IRQHandler
                0x000000000800365c                USB_HP_CAN1_TX_IRQHandler
                0x000000000800365c                DMA1_Channel3_IRQHandler
                0x000000000800365c                TIM1_UP_IRQHandler
                0x000000000800365c                WWDG_IRQHandler
                0x000000000800365c                TIM2_IRQHandler
                0x000000000800365c                TIM1_BRK_IRQHandler
                0x000000000800365c                EXTI1_IRQHandler
                0x000000000800365c                USART2_IRQHandler
                0x000000000800365c                I2C2_ER_IRQHandler
                0x000000000800365c                DMA1_Channel2_IRQHandler
                0x000000000800365c                CAN1_SCE_IRQHandler
                0x000000000800365c                FLASH_IRQHandler
                0x000000000800365c                I2C1_ER_IRQHandler
                0x000000000800365c                USBWakeUp_IRQHandler
 *fill*         0x000000000800365e        0x2 
 .text.__assert_func
                0x0000000008003660       0x3c /usr/bin/gcc-arm-none-eabi-6-2017-q2-update/bin/../lib/gcc/arm-none-eabi/6.3.1/../../../../arm-none-eabi/lib/thumb/v7-m/libc_nano.a(lib_a-assert.o)
                0x0000000008003660                __assert_func
 .text.fprintf  0x000000000800369c       0x24 /usr/bin/gcc-arm-none-eabi-6-2017-q2-update/bin/../lib/gcc/arm-none-eabi/6.3.1/../../../../arm-none-eabi/lib/thumb/v7-m/libc_nano.a(lib_a-fprintf.o)
                0x000000000800369c                fprintf
                0x000000000800369c                fiprintf
 .text.__libc_init_array
                0x00000000080036c0       0x48 /usr/bin/gcc-arm-none-eabi-6-2017-q2-update/bin/../lib/gcc/arm-none-eabi/6.3.1/../../../../arm-none-eabi/lib/thumb/v7-m/libc_nano.a(lib_a-init.o)
                0x00000000080036c0                __libc_init_array
 .text.memcpy   0x0000000008003708       0x16 /usr/bin/gcc-arm-none-eabi-6-2017-q2-update/bin/../lib/gcc/arm-none-eabi/6.3.1/../../../../arm-none-eabi/lib/thumb/v7-m/libc_nano.a(lib_a-memcpy-stub.o)
                0x0000000008003708                memcpy
 .text.memset   0x000000000800371e       0x10 /usr/bin/gcc-arm-none-eabi-6-2017-q2-update/bin/../lib/gcc/arm-none-eabi/6.3.1/../../../../arm-none-eabi/lib/thumb/v7-m/libc_nano.a(lib_a-memset.o)
                0x000000000800371e                memset
 .text.__sfputc_r
                0x000000000800372e       0x2c /usr/bin/gcc-arm-none-eabi-6-2017-q2-update/bin/../lib/gcc/arm-none-eabi/6.3.1/../../../../arm-none-eabi/lib/thumb/v7-m/libc_nano.a(lib_a-nano-vfprintf.o)
 .text.__sfputs_r
                0x000000000800375a       0x24 /usr/bin/gcc-arm-none-eabi-6-2017-q2-update/bin/../lib/gcc/arm-none-eabi/6.3.1/../../../../arm-none-eabi/lib/thumb/v7-m/libc_nano.a(lib_a-nano-vfprintf.o)
                0x000000000800375a                __sfputs_r
 *fill*         0x000000000800377e        0x2 
 .text._vfprintf_r
                0x0000000008003780      0x22c /usr/bin/gcc-arm-none-eabi-6-2017-q2-update/bin/../lib/gcc/arm-none-eabi/6.3.1/../../../../arm-none-eabi/lib/thumb/v7-m/libc_nano.a(lib_a-nano-vfprintf.o)
                0x0000000008003780                _vfiprintf_r
                0x0000000008003780                _vfprintf_r
 .text._printf_common
                0x00000000080039ac       0xee /usr/bin/gcc-arm-none-eabi-6-2017-q2-update/bin/../lib/gcc/arm-none-eabi/6.3.1/../../../../arm-none-eabi/lib/thumb/v7-m/libc_nano.a(lib_a-nano-vfprintf_i.o)
                0x00000000080039ac                _printf_common
 *fill*         0x0000000008003a9a        0x2 
 .text._printf_i
                0x0000000008003a9c      0x240 /usr/bin/gcc-arm-none-eabi-6-2017-q2-update/bin/../lib/gcc/arm-none-eabi/6.3.1/../../../../arm-none-eabi/lib/thumb/v7-m/libc_nano.a(lib_a-nano-vfprintf_i.o)
                0x0000000008003a9c                _printf_i
 .text.__swbuf_r
                0x0000000008003cdc       0xa4 /usr/bin/gcc-arm-none-eabi-6-2017-q2-update/bin/../lib/gcc/arm-none-eabi/6.3.1/../../../../arm-none-eabi/lib/thumb/v7-m/libc_nano.a(lib_a-wbuf.o)
                0x0000000008003cdc                __swbuf_r
 .text.__swsetup_r
                0x0000000008003d80       0xdc /usr/bin/gcc-arm-none-eabi-6-2017-q2-update/bin/../lib/gcc/arm-none-eabi/6.3.1/../../../../arm-none-eabi/lib/thumb/v7-m/libc_nano.a(lib_a-wsetup.o)
                0x0000000008003d80                __swsetup_r
 .text.abort    0x0000000008003e5c        0xe /usr/bin/gcc-arm-none-eabi-6-2017-q2-update/bin/../lib/gcc/arm-none-eabi/6.3.1/../../../../arm-none-eabi/lib/thumb/v7-m/libc_nano.a(lib_a-abort.o)
                0x0000000008003e5c                abort
 *fill*         0x0000000008003e6a        0x2 
 .text.__sflush_r
                0x0000000008003e6c      0x110 /usr/bin/gcc-arm-none-eabi-6-2017-q2-update/bin/../lib/gcc/arm-none-eabi/6.3.1/../../../../arm-none-eabi/lib/thumb/v7-m/libc_nano.a(lib_a-fflush.o)
                0x0000000008003e6c                __sflush_r
 .text._fflush_r
                0x0000000008003f7c       0x54 /usr/bin/gcc-arm-none-eabi-6-2017-q2-update/bin/../lib/gcc/arm-none-eabi/6.3.1/../../../../arm-none-eabi/lib/thumb/v7-m/libc_nano.a(lib_a-fflush.o)
                0x0000000008003f7c                _fflush_r
 .text._cleanup_r
                0x0000000008003fd0        0xc /usr/bin/gcc-arm-none-eabi-6-2017-q2-update/bin/../lib/gcc/arm-none-eabi/6.3.1/../../../../arm-none-eabi/lib/thumb/v7-m/libc_nano.a(lib_a-findfp.o)
                0x0000000008003fd0                _cleanup_r
 .text.std.isra.0
                0x0000000008003fdc       0x48 /usr/bin/gcc-arm-none-eabi-6-2017-q2-update/bin/../lib/gcc/arm-none-eabi/6.3.1/../../../../arm-none-eabi/lib/thumb/v7-m/libc_nano.a(lib_a-findfp.o)
 .text.__sfmoreglue
                0x0000000008004024       0x2c /usr/bin/gcc-arm-none-eabi-6-2017-q2-update/bin/../lib/gcc/arm-none-eabi/6.3.1/../../../../arm-none-eabi/lib/thumb/v7-m/libc_nano.a(lib_a-findfp.o)
                0x0000000008004024                __sfmoreglue
 .text.__sinit  0x0000000008004050       0x60 /usr/bin/gcc-arm-none-eabi-6-2017-q2-update/bin/../lib/gcc/arm-none-eabi/6.3.1/../../../../arm-none-eabi/lib/thumb/v7-m/libc_nano.a(lib_a-findfp.o)
                0x0000000008004050                __sinit
 .text.__sfp    0x00000000080040b0       0x78 /usr/bin/gcc-arm-none-eabi-6-2017-q2-update/bin/../lib/gcc/arm-none-eabi/6.3.1/../../../../arm-none-eabi/lib/thumb/v7-m/libc_nano.a(lib_a-findfp.o)
                0x00000000080040b0                __sfp
 .text._fwalk_reent
                0x0000000008004128       0x3c /usr/bin/gcc-arm-none-eabi-6-2017-q2-update/bin/../lib/gcc/arm-none-eabi/6.3.1/../../../../arm-none-eabi/lib/thumb/v7-m/libc_nano.a(lib_a-fwalk.o)
                0x0000000008004128                _fwalk_reent
 .text.__swhatbuf_r
                0x0000000008004164       0x48 /usr/bin/gcc-arm-none-eabi-6-2017-q2-update/bin/../lib/gcc/arm-none-eabi/6.3.1/../../../../arm-none-eabi/lib/thumb/v7-m/libc_nano.a(lib_a-makebuf.o)
                0x0000000008004164                __swhatbuf_r
 .text.__smakebuf_r
                0x00000000080041ac       0x80 /usr/bin/gcc-arm-none-eabi-6-2017-q2-update/bin/../lib/gcc/arm-none-eabi/6.3.1/../../../../arm-none-eabi/lib/thumb/v7-m/libc_nano.a(lib_a-makebuf.o)
                0x00000000080041ac                __smakebuf_r
 .text.memchr   0x000000000800422c       0x1c /usr/bin/gcc-arm-none-eabi-6-2017-q2-update/bin/../lib/gcc/arm-none-eabi/6.3.1/../../../../arm-none-eabi/lib/thumb/v7-m/libc_nano.a(lib_a-memchr-stub.o)
                0x000000000800422c                memchr
 .text._free_r  0x0000000008004248       0x98 /usr/bin/gcc-arm-none-eabi-6-2017-q2-update/bin/../lib/gcc/arm-none-eabi/6.3.1/../../../../arm-none-eabi/lib/thumb/v7-m/libc_nano.a(lib_a-nano-freer.o)
                0x0000000008004248                _free_r
 .text._malloc_r
                0x00000000080042e0       0xbc /usr/bin/gcc-arm-none-eabi-6-2017-q2-update/bin/../lib/gcc/arm-none-eabi/6.3.1/../../../../arm-none-eabi/lib/thumb/v7-m/libc_nano.a(lib_a-nano-mallocr.o)
                0x00000000080042e0                _malloc_r
 .text._sbrk_r  0x000000000800439c       0x20 /usr/bin/gcc-arm-none-eabi-6-2017-q2-update/bin/../lib/gcc/arm-none-eabi/6.3.1/../../../../arm-none-eabi/lib/thumb/v7-m/libc_nano.a(lib_a-sbrkr.o)
                0x000000000800439c                _sbrk_r
 .text._raise_r
                0x00000000080043bc       0x50 /usr/bin/gcc-arm-none-eabi-6-2017-q2-update/bin/../lib/gcc/arm-none-eabi/6.3.1/../../../../arm-none-eabi/lib/thumb/v7-m/libc_nano.a(lib_a-signal.o)
                0x00000000080043bc                _raise_r
 .text.raise    0x000000000800440c       0x10 /usr/bin/gcc-arm-none-eabi-6-2017-q2-update/bin/../lib/gcc/arm-none-eabi/6.3.1/../../../../arm-none-eabi/lib/thumb/v7-m/libc_nano.a(lib_a-signal.o)
                0x000000000800440c                raise
 .text._kill_r  0x000000000800441c       0x24 /usr/bin/gcc-arm-none-eabi-6-2017-q2-update/bin/../lib/gcc/arm-none-eabi/6.3.1/../../../../arm-none-eabi/lib/thumb/v7-m/libc_nano.a(lib_a-signalr.o)
                0x000000000800441c                _kill_r
 .text._getpid_r
                0x0000000008004440        0x4 /usr/bin/gcc-arm-none-eabi-6-2017-q2-update/bin/../lib/gcc/arm-none-eabi/6.3.1/../../../../arm-none-eabi/lib/thumb/v7-m/libc_nano.a(lib_a-signalr.o)
                0x0000000008004440                _getpid_r
 .text.__sread  0x0000000008004444       0x22 /usr/bin/gcc-arm-none-eabi-6-2017-q2-update/bin/../lib/gcc/arm-none-eabi/6.3.1/../../../../arm-none-eabi/lib/thumb/v7-m/libc_nano.a(lib_a-stdio.o)
                0x0000000008004444                __sread
 .text.__swrite
                0x0000000008004466       0x38 /usr/bin/gcc-arm-none-eabi-6-2017-q2-update/bin/../lib/gcc/arm-none-eabi/6.3.1/../../../../arm-none-eabi/lib/thumb/v7-m/libc_nano.a(lib_a-stdio.o)
                0x0000000008004466                __swrite
 .text.__sseek  0x000000000800449e       0x24 /usr/bin/gcc-arm-none-eabi-6-2017-q2-update/bin/../lib/gcc/arm-none-eabi/6.3.1/../../../../arm-none-eabi/lib/thumb/v7-m/libc_nano.a(lib_a-stdio.o)
                0x000000000800449e                __sseek
 .text.__sclose
                0x00000000080044c2        0x8 /usr/bin/gcc-arm-none-eabi-6-2017-q2-update/bin/../lib/gcc/arm-none-eabi/6.3.1/../../../../arm-none-eabi/lib/thumb/v7-m/libc_nano.a(lib_a-stdio.o)
                0x00000000080044c2                __sclose
 *fill*         0x00000000080044ca        0x2 
 .text._write_r
                0x00000000080044cc       0x24 /usr/bin/gcc-arm-none-eabi-6-2017-q2-update/bin/../lib/gcc/arm-none-eabi/6.3.1/../../../../arm-none-eabi/lib/thumb/v7-m/libc_nano.a(lib_a-writer.o)
                0x00000000080044cc                _write_r
 .text._close_r
                0x00000000080044f0       0x20 /usr/bin/gcc-arm-none-eabi-6-2017-q2-update/bin/../lib/gcc/arm-none-eabi/6.3.1/../../../../arm-none-eabi/lib/thumb/v7-m/libc_nano.a(lib_a-closer.o)
                0x00000000080044f0                _close_r
 .text._fstat_r
                0x0000000008004510       0x24 /usr/bin/gcc-arm-none-eabi-6-2017-q2-update/bin/../lib/gcc/arm-none-eabi/6.3.1/../../../../arm-none-eabi/lib/thumb/v7-m/libc_nano.a(lib_a-fstatr.o)
                0x0000000008004510                _fstat_r
 .text._isatty_r
                0x0000000008004534       0x20 /usr/bin/gcc-arm-none-eabi-6-2017-q2-update/bin/../lib/gcc/arm-none-eabi/6.3.1/../../../../arm-none-eabi/lib/thumb/v7-m/libc_nano.a(lib_a-isattyr.o)
                0x0000000008004534                _isatty_r
 .text._lseek_r
                0x0000000008004554       0x24 /usr/bin/gcc-arm-none-eabi-6-2017-q2-update/bin/../lib/gcc/arm-none-eabi/6.3.1/../../../../arm-none-eabi/lib/thumb/v7-m/libc_nano.a(lib_a-lseekr.o)
                0x0000000008004554                _lseek_r
 .text.__malloc_lock
                0x0000000008004578        0x2 /usr/bin/gcc-arm-none-eabi-6-2017-q2-update/bin/../lib/gcc/arm-none-eabi/6.3.1/../../../../arm-none-eabi/lib/thumb/v7-m/libc_nano.a(lib_a-mlock.o)
                0x0000000008004578                __malloc_lock
 .text.__malloc_unlock
                0x000000000800457a        0x2 /usr/bin/gcc-arm-none-eabi-6-2017-q2-update/bin/../lib/gcc/arm-none-eabi/6.3.1/../../../../arm-none-eabi/lib/thumb/v7-m/libc_nano.a(lib_a-mlock.o)
                0x000000000800457a                __malloc_unlock
 .text._read_r  0x000000000800457c       0x24 /usr/bin/gcc-arm-none-eabi-6-2017-q2-update/bin/../lib/gcc/arm-none-eabi/6.3.1/../../../../arm-none-eabi/lib/thumb/v7-m/libc_nano.a(lib_a-readr.o)
                0x000000000800457c                _read_r
 .text._close   0x00000000080045a0       0x10 /usr/bin/gcc-arm-none-eabi-6-2017-q2-update/bin/../lib/gcc/arm-none-eabi/6.3.1/../../../../arm-none-eabi/lib/thumb/v7-m/libnosys.a(close.o)
                0x00000000080045a0                _close
 .text._fstat   0x00000000080045b0       0x10 /usr/bin/gcc-arm-none-eabi-6-2017-q2-update/bin/../lib/gcc/arm-none-eabi/6.3.1/../../../../arm-none-eabi/lib/thumb/v7-m/libnosys.a(fstat.o)
                0x00000000080045b0                _fstat
 .text._getpid  0x00000000080045c0       0x10 /usr/bin/gcc-arm-none-eabi-6-2017-q2-update/bin/../lib/gcc/arm-none-eabi/6.3.1/../../../../arm-none-eabi/lib/thumb/v7-m/libnosys.a(getpid.o)
                0x00000000080045c0                _getpid
 .text._isatty  0x00000000080045d0       0x10 /usr/bin/gcc-arm-none-eabi-6-2017-q2-update/bin/../lib/gcc/arm-none-eabi/6.3.1/../../../../arm-none-eabi/lib/thumb/v7-m/libnosys.a(isatty.o)
                0x00000000080045d0                _isatty
 .text._kill    0x00000000080045e0       0x10 /usr/bin/gcc-arm-none-eabi-6-2017-q2-update/bin/../lib/gcc/arm-none-eabi/6.3.1/../../../../arm-none-eabi/lib/thumb/v7-m/libnosys.a(kill.o)
                0x00000000080045e0                _kill
 .text._lseek   0x00000000080045f0       0x10 /usr/bin/gcc-arm-none-eabi-6-2017-q2-update/bin/../lib/gcc/arm-none-eabi/6.3.1/../../../../arm-none-eabi/lib/thumb/v7-m/libnosys.a(lseek.o)
                0x00000000080045f0                _lseek
 .text._read    0x0000000008004600       0x10 /usr/bin/gcc-arm-none-eabi-6-2017-q2-update/bin/../lib/gcc/arm-none-eabi/6.3.1/../../../../arm-none-eabi/lib/thumb/v7-m/libnosys.a(read.o)
                0x0000000008004600                _read
 .text._sbrk    0x0000000008004610       0x1c /usr/bin/gcc-arm-none-eabi-6-2017-q2-update/bin/../lib/gcc/arm-none-eabi/6.3.1/../../../../arm-none-eabi/lib/thumb/v7-m/libnosys.a(sbrk.o)
                0x0000000008004610                _sbrk
 .text._write   0x000000000800462c       0x10 /usr/bin/gcc-arm-none-eabi-6-2017-q2-update/bin/../lib/gcc/arm-none-eabi/6.3.1/../../../../arm-none-eabi/lib/thumb/v7-m/libnosys.a(write.o)
                0x000000000800462c                _write
 .text._exit    0x000000000800463c        0x4 /usr/bin/gcc-arm-none-eabi-6-2017-q2-update/bin/../lib/gcc/arm-none-eabi/6.3.1/../../../../arm-none-eabi/lib/thumb/v7-m/libnosys.a(_exit.o)
                0x000000000800463c                _exit
 *(.glue_7)
 .glue_7        0x0000000008004640        0x0 linker stubs
 *(.glue_7t)
 .glue_7t       0x0000000008004640        0x0 linker stubs
 *(.eh_frame)
 .eh_frame      0x0000000008004640        0x0 /usr/bin/gcc-arm-none-eabi-6-2017-q2-update/bin/../lib/gcc/arm-none-eabi/6.3.1/thumb/v7-m/crtbegin.o
 *(.init)
 .init          0x0000000008004640        0x4 /usr/bin/gcc-arm-none-eabi-6-2017-q2-update/bin/../lib/gcc/arm-none-eabi/6.3.1/thumb/v7-m/crti.o
                0x0000000008004640                _init
 .init          0x0000000008004644        0x8 /usr/bin/gcc-arm-none-eabi-6-2017-q2-update/bin/../lib/gcc/arm-none-eabi/6.3.1/thumb/v7-m/crtn.o
 *(.fini)
 .fini          0x000000000800464c        0x4 /usr/bin/gcc-arm-none-eabi-6-2017-q2-update/bin/../lib/gcc/arm-none-eabi/6.3.1/thumb/v7-m/crti.o
                0x000000000800464c                _fini
 .fini          0x0000000008004650        0x8 /usr/bin/gcc-arm-none-eabi-6-2017-q2-update/bin/../lib/gcc/arm-none-eabi/6.3.1/thumb/v7-m/crtn.o
                0x0000000008004658                . = ALIGN (0x4)
                0x0000000008004658                _etext = .

.vfp11_veneer   0x0000000008004658        0x0
 .vfp11_veneer  0x0000000008004658        0x0 linker stubs

.v4_bx          0x0000000008004658        0x0
 .v4_bx         0x0000000008004658        0x0 linker stubs

.iplt           0x0000000008004658        0x0
 .iplt          0x0000000008004658        0x0 /usr/bin/gcc-arm-none-eabi-6-2017-q2-update/bin/../lib/gcc/arm-none-eabi/6.3.1/thumb/v7-m/crtbegin.o

.rodata         0x0000000008004658      0x538
                0x0000000008004658                . = ALIGN (0x4)
 *(.rodata)
 .rodata        0x0000000008004658       0x28 build/main.o
 .rodata        0x0000000008004680       0x12 build/stm32f1xx_hal_rcc.o
 *(.rodata*)
 *fill*         0x0000000008004692        0x2 
 .rodata.MX_USART1_UART_Init.str1.4
                0x0000000008004694        0xb build/main.o
 *fill*         0x000000000800469f        0x1 
 .rodata.str1.4
                0x00000000080046a0        0xf build/main.o
 *fill*         0x00000000080046af        0x1 
 .rodata.AHBPrescTable
                0x00000000080046b0       0x10 build/system_stm32f1xx.o
                0x00000000080046b0                AHBPrescTable
 .rodata.APBPrescTable
                0x00000000080046c0        0x8 build/system_stm32f1xx.o
                0x00000000080046c0                APBPrescTable
 .rodata.vTaskStartScheduler.str1.4
                0x00000000080046c8        0x5 build/tasks.o
 *fill*         0x00000000080046cd        0x3 
 .rodata.__func__.4729
                0x00000000080046d0       0x1d build/uavcan.o
 *fill*         0x00000000080046ed        0x3 
 .rodata.makeNodeInfoMessage.str1.4
                0x00000000080046f0       0x10 build/uavcan.o
 .rodata.uavcanInit.str1.4
                0x0000000008004700       0x3e build/uavcan.o
 *fill*         0x000000000800473e        0x2 
 .rodata.__func__.4786
                0x0000000008004740        0xb build/canard.o
 *fill*         0x000000000800474b        0x1 
 .rodata.__func__.4796
                0x000000000800474c       0x15 build/canard.o
 *fill*         0x0000000008004761        0x3 
 .rodata.__func__.4849
                0x0000000008004764       0x14 build/canard.o
 .rodata.__func__.4912
                0x0000000008004778       0x13 build/canard.o
 *fill*         0x000000000800478b        0x1 
 .rodata.__func__.4966
                0x000000000800478c       0x14 build/canard.o
 .rodata.__func__.4975
                0x00000000080047a0       0x10 build/canard.o
 .rodata.__func__.4993
                0x00000000080047b0        0xc build/canard.o
 .rodata.__func__.5018
                0x00000000080047bc       0x17 build/canard.o
 *fill*         0x00000000080047d3        0x1 
 .rodata.__func__.5094
                0x00000000080047d4        0xd build/canard.o
 *fill*         0x00000000080047e1        0x3 
 .rodata.__func__.5137
                0x00000000080047e4        0xe build/canard.o
 *fill*         0x00000000080047f2        0x2 
 .rodata.__func__.5188
                0x00000000080047f4        0xa build/canard.o
 *fill*         0x00000000080047fe        0x2 
 .rodata.canardEncodeScalar.str1.4
                0x0000000008004800       0x48 build/canard.o
 .rodata.canardHandleRxFrame.str1.4
                0x0000000008004848       0x7b build/canard.o
 *fill*         0x00000000080048c3        0x1 
 .rodata.canardInit.str1.4
                0x00000000080048c4       0x17 build/canard.o
 .rodata.canardSetLocalNodeID.str1.4
                0x00000000080048db        0x2 build/canard.o
 *fill*         0x00000000080048db        0x1 
 .rodata.copyBitArray.str1.4
                0x00000000080048dc        0xd build/canard.o
 *fill*         0x00000000080048e9        0x3 
 .rodata.enqueueTxFrames.str1.4
                0x00000000080048ec       0x21 build/canard.o
 *fill*         0x000000000800490d        0x3 
 .rodata.freeBlock.str1.4
                0x0000000008004910       0x2f build/canard.o
 *fill*         0x000000000800493f        0x1 
 .rodata.incrementTransferID.str1.4
                0x0000000008004940       0x1b build/canard.o
 *fill*         0x000000000800495b        0x1 
 .rodata.prepareForNextTransfer.str1.4
                0x000000000800495c       0x24 build/canard.o
 .rodata.pushTxQueue.str1.4
                0x0000000008004980       0x2d build/canard.o
                                         0x41 (size before relaxing)
 *fill*         0x00000000080049ad        0x3 
 .rodata.swapByteOrder.str1.4
                0x00000000080049b0       0x14 build/canard.o
 .rodata.RFxR.5211
                0x00000000080049c4        0x8 build/canard_stm32.o
 .rodata.__func__.5194
                0x00000000080049cc       0x10 build/canard_stm32.o
 .rodata.__func__.5206
                0x00000000080049dc       0x14 build/canard_stm32.o
 .rodata.canardSTM32Init.str1.4
                0x00000000080049f0       0xaa build/canard_stm32.o
 *fill*         0x0000000008004a9a        0x2 
 .rodata.canardSTM32Transmit.str1.4
                0x0000000008004a9c       0x20 build/canard_stm32.o
                                         0x1f (size before relaxing)
 .rodata.__assert_func.str1.1
                0x0000000008004abc       0x3c /usr/bin/gcc-arm-none-eabi-6-2017-q2-update/bin/../lib/gcc/arm-none-eabi/6.3.1/../../../../arm-none-eabi/lib/thumb/v7-m/libc_nano.a(lib_a-assert.o)
                                         0x3d (size before relaxing)
 .rodata._global_impure_ptr
                0x0000000008004af8        0x4 /usr/bin/gcc-arm-none-eabi-6-2017-q2-update/bin/../lib/gcc/arm-none-eabi/6.3.1/../../../../arm-none-eabi/lib/thumb/v7-m/libc_nano.a(lib_a-impure.o)
                0x0000000008004af8                _global_impure_ptr
 .rodata._vfprintf_r.str1.1
                0x0000000008004afc       0x11 /usr/bin/gcc-arm-none-eabi-6-2017-q2-update/bin/../lib/gcc/arm-none-eabi/6.3.1/../../../../arm-none-eabi/lib/thumb/v7-m/libc_nano.a(lib_a-nano-vfprintf.o)
 .rodata._printf_i.str1.1
                0x0000000008004b0d       0x22 /usr/bin/gcc-arm-none-eabi-6-2017-q2-update/bin/../lib/gcc/arm-none-eabi/6.3.1/../../../../arm-none-eabi/lib/thumb/v7-m/libc_nano.a(lib_a-nano-vfprintf_i.o)
 *fill*         0x0000000008004b2f        0x1 
 .rodata.__sf_fake_stderr
                0x0000000008004b30       0x20 /usr/bin/gcc-arm-none-eabi-6-2017-q2-update/bin/../lib/gcc/arm-none-eabi/6.3.1/../../../../arm-none-eabi/lib/thumb/v7-m/libc_nano.a(lib_a-findfp.o)
                0x0000000008004b30                __sf_fake_stderr
 .rodata.__sf_fake_stdin
                0x0000000008004b50       0x20 /usr/bin/gcc-arm-none-eabi-6-2017-q2-update/bin/../lib/gcc/arm-none-eabi/6.3.1/../../../../arm-none-eabi/lib/thumb/v7-m/libc_nano.a(lib_a-findfp.o)
                0x0000000008004b50                __sf_fake_stdin
 .rodata.__sf_fake_stdout
                0x0000000008004b70       0x20 /usr/bin/gcc-arm-none-eabi-6-2017-q2-update/bin/../lib/gcc/arm-none-eabi/6.3.1/../../../../arm-none-eabi/lib/thumb/v7-m/libc_nano.a(lib_a-findfp.o)
                0x0000000008004b70                __sf_fake_stdout
                0x0000000008004b90                . = ALIGN (0x4)

.rel.dyn        0x0000000008004b90        0x0
 .rel.iplt      0x0000000008004b90        0x0 /usr/bin/gcc-arm-none-eabi-6-2017-q2-update/bin/../lib/gcc/arm-none-eabi/6.3.1/thumb/v7-m/crtbegin.o

.ARM.extab
 *(.ARM.extab* .gnu.linkonce.armextab.*)

.ARM            0x0000000008004b90        0x0
                0x0000000008004b90                __exidx_start = .
 *(.ARM.exidx*)
                0x0000000008004b90                __exidx_end = .

.preinit_array  0x0000000008004b90        0x0
                0x0000000008004b90                PROVIDE (__preinit_array_start, .)
 *(.preinit_array*)
                0x0000000008004b90                PROVIDE (__preinit_array_end, .)

.init_array     0x0000000008004b90        0x4
                0x0000000008004b90                PROVIDE (__init_array_start, .)
 *(SORT(.init_array.*))
 *(.init_array*)
 .init_array    0x0000000008004b90        0x4 /usr/bin/gcc-arm-none-eabi-6-2017-q2-update/bin/../lib/gcc/arm-none-eabi/6.3.1/thumb/v7-m/crtbegin.o
                0x0000000008004b94                PROVIDE (__init_array_end, .)

.fini_array     0x0000000008004b94        0x4
                [!provide]                        PROVIDE (__fini_array_start, .)
 *(SORT(.fini_array.*))
 *(.fini_array*)
 .fini_array    0x0000000008004b94        0x4 /usr/bin/gcc-arm-none-eabi-6-2017-q2-update/bin/../lib/gcc/arm-none-eabi/6.3.1/thumb/v7-m/crtbegin.o
                [!provide]                        PROVIDE (__fini_array_end, .)
                0x0000000008004b98                _sidata = LOADADDR (.data)

.data           0x0000000020000000       0x74 load address 0x0000000008004b98
                0x0000000020000000                . = ALIGN (0x4)
                0x0000000020000000                _sdata = .
 *(.data)
 *(.data*)
 .data.uwTickFreq
                0x0000000020000000        0x1 build/stm32f1xx_hal.o
                0x0000000020000000                uwTickFreq
 *fill*         0x0000000020000001        0x3 
 .data.uwTickPrio
                0x0000000020000004        0x4 build/stm32f1xx_hal.o
                0x0000000020000004                uwTickPrio
 .data.SystemCoreClock
                0x0000000020000008        0x4 build/system_stm32f1xx.o
                0x0000000020000008                SystemCoreClock
 .data.uxCriticalNesting
                0x000000002000000c        0x4 build/port.o
 .data._impure_ptr
                0x0000000020000010        0x4 /usr/bin/gcc-arm-none-eabi-6-2017-q2-update/bin/../lib/gcc/arm-none-eabi/6.3.1/../../../../arm-none-eabi/lib/thumb/v7-m/libc_nano.a(lib_a-impure.o)
                0x0000000020000010                _impure_ptr
 .data.impure_data
                0x0000000020000014       0x60 /usr/bin/gcc-arm-none-eabi-6-2017-q2-update/bin/../lib/gcc/arm-none-eabi/6.3.1/../../../../arm-none-eabi/lib/thumb/v7-m/libc_nano.a(lib_a-impure.o)
                0x0000000020000074                . = ALIGN (0x4)
                0x0000000020000074                _edata = .

.jcr            0x0000000020000074        0x0 load address 0x0000000008004c0c
 .jcr           0x0000000020000074        0x0 /usr/bin/gcc-arm-none-eabi-6-2017-q2-update/bin/../lib/gcc/arm-none-eabi/6.3.1/thumb/v7-m/crtbegin.o

.igot.plt       0x0000000020000074        0x0 load address 0x0000000008004c0c
 .igot.plt      0x0000000020000074        0x0 /usr/bin/gcc-arm-none-eabi-6-2017-q2-update/bin/../lib/gcc/arm-none-eabi/6.3.1/thumb/v7-m/crtbegin.o
                0x0000000020000074                . = ALIGN (0x4)

.bss            0x0000000020000078     0x1248 load address 0x0000000008004c0c
                0x0000000020000078                _sbss = .
                0x0000000020000078                __bss_start__ = _sbss
 *(.bss)
 .bss           0x0000000020000078       0x1c /usr/bin/gcc-arm-none-eabi-6-2017-q2-update/bin/../lib/gcc/arm-none-eabi/6.3.1/thumb/v7-m/crtbegin.o
 *(.bss*)
 .bss.pxEnd     0x0000000020000094        0x4 build/heap_4.o
 .bss.ucHeap    0x0000000020000098      0xc00 build/heap_4.o
 .bss.xBlockAllocatedBit
                0x0000000020000c98        0x4 build/heap_4.o
 .bss.xFreeBytesRemaining
                0x0000000020000c9c        0x4 build/heap_4.o
 .bss.xMinimumEverFreeBytesRemaining
                0x0000000020000ca0        0x4 build/heap_4.o
 .bss.xStart    0x0000000020000ca4        0x8 build/heap_4.o
 .bss.ucMaxSysCallPriority
                0x0000000020000cac        0x1 build/port.o
 *fill*         0x0000000020000cad        0x3 
 .bss.ulMaxPRIGROUPValue
                0x0000000020000cb0        0x4 build/port.o
 .bss.pxCurrentTCB
                0x0000000020000cb4        0x4 build/tasks.o
                0x0000000020000cb4                pxCurrentTCB
 .bss.pxDelayedTaskList
                0x0000000020000cb8        0x4 build/tasks.o
 .bss.pxOverflowDelayedTaskList
                0x0000000020000cbc        0x4 build/tasks.o
 .bss.pxReadyTasksLists
                0x0000000020000cc0       0x8c build/tasks.o
 .bss.uxCurrentNumberOfTasks
                0x0000000020000d4c        0x4 build/tasks.o
 .bss.uxDeletedTasksWaitingCleanUp
                0x0000000020000d50        0x4 build/tasks.o
 .bss.uxPendedTicks
                0x0000000020000d54        0x4 build/tasks.o
 .bss.uxSchedulerSuspended
                0x0000000020000d58        0x4 build/tasks.o
 .bss.uxTaskNumber
                0x0000000020000d5c        0x4 build/tasks.o
 .bss.uxTopReadyPriority
                0x0000000020000d60        0x4 build/tasks.o
 .bss.xDelayedTaskList1
                0x0000000020000d64       0x14 build/tasks.o
 .bss.xDelayedTaskList2
                0x0000000020000d78       0x14 build/tasks.o
 .bss.xIdleTaskHandle
                0x0000000020000d8c        0x4 build/tasks.o
 .bss.xNextTaskUnblockTime
                0x0000000020000d90        0x4 build/tasks.o
 .bss.xNumOfOverflows
                0x0000000020000d94        0x4 build/tasks.o
 .bss.xPendingReadyList
                0x0000000020000d98       0x14 build/tasks.o
 .bss.xSchedulerRunning
                0x0000000020000dac        0x4 build/tasks.o
 .bss.xSuspendedTaskList
                0x0000000020000db0       0x14 build/tasks.o
 .bss.xTasksWaitingTermination
                0x0000000020000dc4       0x14 build/tasks.o
 .bss.xTickCount
                0x0000000020000dd8        0x4 build/tasks.o
 .bss.xYieldPending
                0x0000000020000ddc        0x4 build/tasks.o
 .bss.g_canard  0x0000000020000de0       0x24 build/uavcan.o
 .bss.g_canard_memory_pool
                0x0000000020000e04      0x400 build/uavcan.o
 .bss.spin_time.7001
                0x0000000020001204        0x4 build/uavcan.o
 .bss.transfer_id.7003
                0x0000000020001208        0x1 build/uavcan.o
 .bss.g_abort_tx_on_error
                0x0000000020001209        0x1 build/canard_stm32.o
 *fill*         0x000000002000120a        0x6 
 .bss.g_stats   0x0000000020001210       0x10 build/canard_stm32.o
 .bss.__malloc_free_list
                0x0000000020001220        0x4 /usr/bin/gcc-arm-none-eabi-6-2017-q2-update/bin/../lib/gcc/arm-none-eabi/6.3.1/../../../../arm-none-eabi/lib/thumb/v7-m/libc_nano.a(lib_a-nano-mallocr.o)
                0x0000000020001220                __malloc_free_list
 .bss.__malloc_sbrk_start
                0x0000000020001224        0x4 /usr/bin/gcc-arm-none-eabi-6-2017-q2-update/bin/../lib/gcc/arm-none-eabi/6.3.1/../../../../arm-none-eabi/lib/thumb/v7-m/libc_nano.a(lib_a-nano-mallocr.o)
                0x0000000020001224                __malloc_sbrk_start
 .bss.heap_end.4116
                0x0000000020001228        0x4 /usr/bin/gcc-arm-none-eabi-6-2017-q2-update/bin/../lib/gcc/arm-none-eabi/6.3.1/../../../../arm-none-eabi/lib/thumb/v7-m/libnosys.a(sbrk.o)
 *(COMMON)
 COMMON         0x000000002000122c       0x8c build/main.o
                0x000000002000122c                Task02Handle
                0x0000000020001230                hcan
                0x0000000020001274                huart1
                0x00000000200012b4                Task01Handle
 COMMON         0x00000000200012b8        0x4 build/stm32f1xx_hal.o
                0x00000000200012b8                uwTick
 COMMON         0x00000000200012bc        0x4 /usr/bin/gcc-arm-none-eabi-6-2017-q2-update/bin/../lib/gcc/arm-none-eabi/6.3.1/../../../../arm-none-eabi/lib/thumb/v7-m/libc_nano.a(lib_a-reent.o)
                0x00000000200012bc                errno
                0x00000000200012c0                . = ALIGN (0x4)
                0x00000000200012c0                _ebss = .
                0x00000000200012c0                __bss_end__ = _ebss

._user_heap_stack
                0x00000000200012c0      0x600 load address 0x0000000008004c0c
                0x00000000200012c0                . = ALIGN (0x8)
                0x00000000200012c0                PROVIDE (end, .)
                [!provide]                        PROVIDE (_end, .)
                0x00000000200014c0                . = (. + _Min_Heap_Size)
 *fill*         0x00000000200012c0      0x200 
                0x00000000200018c0                . = (. + _Min_Stack_Size)
 *fill*         0x00000000200014c0      0x400 
                0x00000000200018c0                . = ALIGN (0x8)

/DISCARD/
 libc.a(*)
 libm.a(*)
 libgcc.a(*)

.ARM.attributes
                0x0000000000000000       0x29
 *(.ARM.attributes)
 .ARM.attributes
                0x0000000000000000       0x1d /usr/bin/gcc-arm-none-eabi-6-2017-q2-update/bin/../lib/gcc/arm-none-eabi/6.3.1/thumb/v7-m/crti.o
 .ARM.attributes
                0x000000000000001d       0x2d /usr/bin/gcc-arm-none-eabi-6-2017-q2-update/bin/../lib/gcc/arm-none-eabi/6.3.1/thumb/v7-m/crtbegin.o
 .ARM.attributes
                0x000000000000004a       0x33 build/main.o
 .ARM.attributes
                0x000000000000007d       0x33 build/stm32f1xx_it.o
 .ARM.attributes
                0x00000000000000b0       0x33 build/stm32f1xx_hal_msp.o
 .ARM.attributes
                0x00000000000000e3       0x33 build/stm32f1xx_hal_can.o
 .ARM.attributes
                0x0000000000000116       0x33 build/stm32f1xx_hal_uart.o
 .ARM.attributes
                0x0000000000000149       0x33 build/stm32f1xx_hal.o
 .ARM.attributes
                0x000000000000017c       0x33 build/stm32f1xx_hal_rcc.o
 .ARM.attributes
                0x00000000000001af       0x33 build/stm32f1xx_hal_gpio.o
 .ARM.attributes
                0x00000000000001e2       0x33 build/stm32f1xx_hal_dma.o
 .ARM.attributes
                0x0000000000000215       0x33 build/stm32f1xx_hal_cortex.o
 .ARM.attributes
                0x0000000000000248       0x33 build/system_stm32f1xx.o
 .ARM.attributes
                0x000000000000027b       0x33 build/heap_4.o
 .ARM.attributes
                0x00000000000002ae       0x33 build/port.o
 .ARM.attributes
                0x00000000000002e1       0x33 build/list.o
 .ARM.attributes
                0x0000000000000314       0x33 build/tasks.o
 .ARM.attributes
                0x0000000000000347       0x33 build/cmsis_os.o
 .ARM.attributes
                0x000000000000037a       0x33 build/uavcan.o
 .ARM.attributes
                0x00000000000003ad       0x33 build/canard.o
 .ARM.attributes
                0x00000000000003e0       0x33 build/canard_stm32.o
 .ARM.attributes
                0x0000000000000413       0x21 build/startup_stm32f103xb.o
 .ARM.attributes
                0x0000000000000434       0x2d /usr/bin/gcc-arm-none-eabi-6-2017-q2-update/bin/../lib/gcc/arm-none-eabi/6.3.1/../../../../arm-none-eabi/lib/thumb/v7-m/libc_nano.a(lib_a-assert.o)
 .ARM.attributes
                0x0000000000000461       0x2d /usr/bin/gcc-arm-none-eabi-6-2017-q2-update/bin/../lib/gcc/arm-none-eabi/6.3.1/../../../../arm-none-eabi/lib/thumb/v7-m/libc_nano.a(lib_a-fprintf.o)
 .ARM.attributes
                0x000000000000048e       0x2d /usr/bin/gcc-arm-none-eabi-6-2017-q2-update/bin/../lib/gcc/arm-none-eabi/6.3.1/../../../../arm-none-eabi/lib/thumb/v7-m/libc_nano.a(lib_a-impure.o)
 .ARM.attributes
                0x00000000000004bb       0x2d /usr/bin/gcc-arm-none-eabi-6-2017-q2-update/bin/../lib/gcc/arm-none-eabi/6.3.1/../../../../arm-none-eabi/lib/thumb/v7-m/libc_nano.a(lib_a-init.o)
 .ARM.attributes
                0x00000000000004e8       0x2d /usr/bin/gcc-arm-none-eabi-6-2017-q2-update/bin/../lib/gcc/arm-none-eabi/6.3.1/../../../../arm-none-eabi/lib/thumb/v7-m/libc_nano.a(lib_a-memcpy-stub.o)
 .ARM.attributes
                0x0000000000000515       0x2d /usr/bin/gcc-arm-none-eabi-6-2017-q2-update/bin/../lib/gcc/arm-none-eabi/6.3.1/../../../../arm-none-eabi/lib/thumb/v7-m/libc_nano.a(lib_a-memset.o)
 .ARM.attributes
                0x0000000000000542       0x2d /usr/bin/gcc-arm-none-eabi-6-2017-q2-update/bin/../lib/gcc/arm-none-eabi/6.3.1/../../../../arm-none-eabi/lib/thumb/v7-m/libc_nano.a(lib_a-nano-vfprintf.o)
 .ARM.attributes
                0x000000000000056f       0x2d /usr/bin/gcc-arm-none-eabi-6-2017-q2-update/bin/../lib/gcc/arm-none-eabi/6.3.1/../../../../arm-none-eabi/lib/thumb/v7-m/libc_nano.a(lib_a-nano-vfprintf_i.o)
 .ARM.attributes
                0x000000000000059c       0x2d /usr/bin/gcc-arm-none-eabi-6-2017-q2-update/bin/../lib/gcc/arm-none-eabi/6.3.1/../../../../arm-none-eabi/lib/thumb/v7-m/libc_nano.a(lib_a-wbuf.o)
 .ARM.attributes
                0x00000000000005c9       0x2d /usr/bin/gcc-arm-none-eabi-6-2017-q2-update/bin/../lib/gcc/arm-none-eabi/6.3.1/../../../../arm-none-eabi/lib/thumb/v7-m/libc_nano.a(lib_a-wsetup.o)
 .ARM.attributes
                0x00000000000005f6       0x2d /usr/bin/gcc-arm-none-eabi-6-2017-q2-update/bin/../lib/gcc/arm-none-eabi/6.3.1/../../../../arm-none-eabi/lib/thumb/v7-m/libc_nano.a(lib_a-abort.o)
 .ARM.attributes
                0x0000000000000623       0x2d /usr/bin/gcc-arm-none-eabi-6-2017-q2-update/bin/../lib/gcc/arm-none-eabi/6.3.1/../../../../arm-none-eabi/lib/thumb/v7-m/libc_nano.a(lib_a-fflush.o)
 .ARM.attributes
                0x0000000000000650       0x2d /usr/bin/gcc-arm-none-eabi-6-2017-q2-update/bin/../lib/gcc/arm-none-eabi/6.3.1/../../../../arm-none-eabi/lib/thumb/v7-m/libc_nano.a(lib_a-findfp.o)
 .ARM.attributes
                0x000000000000067d       0x2d /usr/bin/gcc-arm-none-eabi-6-2017-q2-update/bin/../lib/gcc/arm-none-eabi/6.3.1/../../../../arm-none-eabi/lib/thumb/v7-m/libc_nano.a(lib_a-fwalk.o)
 .ARM.attributes
                0x00000000000006aa       0x2d /usr/bin/gcc-arm-none-eabi-6-2017-q2-update/bin/../lib/gcc/arm-none-eabi/6.3.1/../../../../arm-none-eabi/lib/thumb/v7-m/libc_nano.a(lib_a-makebuf.o)
 .ARM.attributes
                0x00000000000006d7       0x2d /usr/bin/gcc-arm-none-eabi-6-2017-q2-update/bin/../lib/gcc/arm-none-eabi/6.3.1/../../../../arm-none-eabi/lib/thumb/v7-m/libc_nano.a(lib_a-memchr-stub.o)
 .ARM.attributes
                0x0000000000000704       0x2d /usr/bin/gcc-arm-none-eabi-6-2017-q2-update/bin/../lib/gcc/arm-none-eabi/6.3.1/../../../../arm-none-eabi/lib/thumb/v7-m/libc_nano.a(lib_a-nano-freer.o)
 .ARM.attributes
                0x0000000000000731       0x2d /usr/bin/gcc-arm-none-eabi-6-2017-q2-update/bin/../lib/gcc/arm-none-eabi/6.3.1/../../../../arm-none-eabi/lib/thumb/v7-m/libc_nano.a(lib_a-nano-mallocr.o)
 .ARM.attributes
                0x000000000000075e       0x2d /usr/bin/gcc-arm-none-eabi-6-2017-q2-update/bin/../lib/gcc/arm-none-eabi/6.3.1/../../../../arm-none-eabi/lib/thumb/v7-m/libc_nano.a(lib_a-sbrkr.o)
 .ARM.attributes
                0x000000000000078b       0x2d /usr/bin/gcc-arm-none-eabi-6-2017-q2-update/bin/../lib/gcc/arm-none-eabi/6.3.1/../../../../arm-none-eabi/lib/thumb/v7-m/libc_nano.a(lib_a-signal.o)
 .ARM.attributes
                0x00000000000007b8       0x2d /usr/bin/gcc-arm-none-eabi-6-2017-q2-update/bin/../lib/gcc/arm-none-eabi/6.3.1/../../../../arm-none-eabi/lib/thumb/v7-m/libc_nano.a(lib_a-signalr.o)
 .ARM.attributes
                0x00000000000007e5       0x2d /usr/bin/gcc-arm-none-eabi-6-2017-q2-update/bin/../lib/gcc/arm-none-eabi/6.3.1/../../../../arm-none-eabi/lib/thumb/v7-m/libc_nano.a(lib_a-stdio.o)
 .ARM.attributes
                0x0000000000000812       0x2d /usr/bin/gcc-arm-none-eabi-6-2017-q2-update/bin/../lib/gcc/arm-none-eabi/6.3.1/../../../../arm-none-eabi/lib/thumb/v7-m/libc_nano.a(lib_a-writer.o)
 .ARM.attributes
                0x000000000000083f       0x2d /usr/bin/gcc-arm-none-eabi-6-2017-q2-update/bin/../lib/gcc/arm-none-eabi/6.3.1/../../../../arm-none-eabi/lib/thumb/v7-m/libc_nano.a(lib_a-closer.o)
 .ARM.attributes
                0x000000000000086c       0x2d /usr/bin/gcc-arm-none-eabi-6-2017-q2-update/bin/../lib/gcc/arm-none-eabi/6.3.1/../../../../arm-none-eabi/lib/thumb/v7-m/libc_nano.a(lib_a-fstatr.o)
 .ARM.attributes
                0x0000000000000899       0x2d /usr/bin/gcc-arm-none-eabi-6-2017-q2-update/bin/../lib/gcc/arm-none-eabi/6.3.1/../../../../arm-none-eabi/lib/thumb/v7-m/libc_nano.a(lib_a-isattyr.o)
 .ARM.attributes
                0x00000000000008c6       0x2d /usr/bin/gcc-arm-none-eabi-6-2017-q2-update/bin/../lib/gcc/arm-none-eabi/6.3.1/../../../../arm-none-eabi/lib/thumb/v7-m/libc_nano.a(lib_a-lseekr.o)
 .ARM.attributes
                0x00000000000008f3       0x2d /usr/bin/gcc-arm-none-eabi-6-2017-q2-update/bin/../lib/gcc/arm-none-eabi/6.3.1/../../../../arm-none-eabi/lib/thumb/v7-m/libc_nano.a(lib_a-mlock.o)
 .ARM.attributes
                0x0000000000000920       0x2d /usr/bin/gcc-arm-none-eabi-6-2017-q2-update/bin/../lib/gcc/arm-none-eabi/6.3.1/../../../../arm-none-eabi/lib/thumb/v7-m/libc_nano.a(lib_a-readr.o)
 .ARM.attributes
                0x000000000000094d       0x2d /usr/bin/gcc-arm-none-eabi-6-2017-q2-update/bin/../lib/gcc/arm-none-eabi/6.3.1/../../../../arm-none-eabi/lib/thumb/v7-m/libc_nano.a(lib_a-reent.o)
 .ARM.attributes
                0x000000000000097a       0x2d /usr/bin/gcc-arm-none-eabi-6-2017-q2-update/bin/../lib/gcc/arm-none-eabi/6.3.1/../../../../arm-none-eabi/lib/thumb/v7-m/libnosys.a(close.o)
 .ARM.attributes
                0x00000000000009a7       0x2d /usr/bin/gcc-arm-none-eabi-6-2017-q2-update/bin/../lib/gcc/arm-none-eabi/6.3.1/../../../../arm-none-eabi/lib/thumb/v7-m/libnosys.a(fstat.o)
 .ARM.attributes
                0x00000000000009d4       0x2d /usr/bin/gcc-arm-none-eabi-6-2017-q2-update/bin/../lib/gcc/arm-none-eabi/6.3.1/../../../../arm-none-eabi/lib/thumb/v7-m/libnosys.a(getpid.o)
 .ARM.attributes
                0x0000000000000a01       0x2d /usr/bin/gcc-arm-none-eabi-6-2017-q2-update/bin/../lib/gcc/arm-none-eabi/6.3.1/../../../../arm-none-eabi/lib/thumb/v7-m/libnosys.a(isatty.o)
 .ARM.attributes
                0x0000000000000a2e       0x2d /usr/bin/gcc-arm-none-eabi-6-2017-q2-update/bin/../lib/gcc/arm-none-eabi/6.3.1/../../../../arm-none-eabi/lib/thumb/v7-m/libnosys.a(kill.o)
 .ARM.attributes
                0x0000000000000a5b       0x2d /usr/bin/gcc-arm-none-eabi-6-2017-q2-update/bin/../lib/gcc/arm-none-eabi/6.3.1/../../../../arm-none-eabi/lib/thumb/v7-m/libnosys.a(lseek.o)
 .ARM.attributes
                0x0000000000000a88       0x2d /usr/bin/gcc-arm-none-eabi-6-2017-q2-update/bin/../lib/gcc/arm-none-eabi/6.3.1/../../../../arm-none-eabi/lib/thumb/v7-m/libnosys.a(read.o)
 .ARM.attributes
                0x0000000000000ab5       0x2d /usr/bin/gcc-arm-none-eabi-6-2017-q2-update/bin/../lib/gcc/arm-none-eabi/6.3.1/../../../../arm-none-eabi/lib/thumb/v7-m/libnosys.a(sbrk.o)
 .ARM.attributes
                0x0000000000000ae2       0x2d /usr/bin/gcc-arm-none-eabi-6-2017-q2-update/bin/../lib/gcc/arm-none-eabi/6.3.1/../../../../arm-none-eabi/lib/thumb/v7-m/libnosys.a(write.o)
 .ARM.attributes
                0x0000000000000b0f       0x2d /usr/bin/gcc-arm-none-eabi-6-2017-q2-update/bin/../lib/gcc/arm-none-eabi/6.3.1/../../../../arm-none-eabi/lib/thumb/v7-m/libnosys.a(_exit.o)
 .ARM.attributes
                0x0000000000000b3c       0x1d /usr/bin/gcc-arm-none-eabi-6-2017-q2-update/bin/../lib/gcc/arm-none-eabi/6.3.1/thumb/v7-m/crtn.o
OUTPUT(build/UAVCAN_NODE_FreeRTOS.elf elf32-littlearm)

.debug_info     0x0000000000000000    0x1b883
 .debug_info    0x0000000000000000     0x1e11 build/main.o
 .debug_info    0x0000000000001e11      0xfaf build/stm32f1xx_it.o
 .debug_info    0x0000000000002dc0     0x1a98 build/stm32f1xx_hal_msp.o
 .debug_info    0x0000000000004858     0x1672 build/stm32f1xx_hal_can.o
 .debug_info    0x0000000000005eca     0x20c8 build/stm32f1xx_hal_uart.o
 .debug_info    0x0000000000007f92     0x112e build/stm32f1xx_hal.o
 .debug_info    0x00000000000090c0     0x1386 build/stm32f1xx_hal_rcc.o
 .debug_info    0x000000000000a446      0xfd7 build/stm32f1xx_hal_gpio.o
 .debug_info    0x000000000000b41d     0x1170 build/stm32f1xx_hal_dma.o
 .debug_info    0x000000000000c58d     0x1601 build/stm32f1xx_hal_cortex.o
 .debug_info    0x000000000000db8e      0xd4a build/system_stm32f1xx.o
 .debug_info    0x000000000000e8d8      0xd82 build/heap_4.o
 .debug_info    0x000000000000f65a      0x509 build/port.o
 .debug_info    0x000000000000fb63      0xbe3 build/list.o
 .debug_info    0x0000000000010746     0x2b39 build/tasks.o
 .debug_info    0x000000000001327f     0x258a build/cmsis_os.o
 .debug_info    0x0000000000015809     0x1889 build/uavcan.o
 .debug_info    0x0000000000017092     0x3336 build/canard.o
 .debug_info    0x000000000001a3c8     0x1458 build/canard_stm32.o
 .debug_info    0x000000000001b820       0x63 build/startup_stm32f103xb.o

.debug_abbrev   0x0000000000000000     0x39f4
 .debug_abbrev  0x0000000000000000      0x2e1 build/main.o
 .debug_abbrev  0x00000000000002e1      0x1f0 build/stm32f1xx_it.o
 .debug_abbrev  0x00000000000004d1      0x242 build/stm32f1xx_hal_msp.o
 .debug_abbrev  0x0000000000000713      0x2e5 build/stm32f1xx_hal_can.o
 .debug_abbrev  0x00000000000009f8      0x336 build/stm32f1xx_hal_uart.o
 .debug_abbrev  0x0000000000000d2e      0x2ee build/stm32f1xx_hal.o
 .debug_abbrev  0x000000000000101c      0x330 build/stm32f1xx_hal_rcc.o
 .debug_abbrev  0x000000000000134c      0x2bc build/stm32f1xx_hal_gpio.o
 .debug_abbrev  0x0000000000001608      0x2d2 build/stm32f1xx_hal_dma.o
 .debug_abbrev  0x00000000000018da      0x3d1 build/stm32f1xx_hal_cortex.o
 .debug_abbrev  0x0000000000001cab      0x207 build/system_stm32f1xx.o
 .debug_abbrev  0x0000000000001eb2      0x312 build/heap_4.o
 .debug_abbrev  0x00000000000021c4      0x268 build/port.o
 .debug_abbrev  0x000000000000242c      0x217 build/list.o
 .debug_abbrev  0x0000000000002643      0x3fe build/tasks.o
 .debug_abbrev  0x0000000000002a41      0x3cf build/cmsis_os.o
 .debug_abbrev  0x0000000000002e10      0x3e6 build/uavcan.o
 .debug_abbrev  0x00000000000031f6      0x46b build/canard.o
 .debug_abbrev  0x0000000000003661      0x381 build/canard_stm32.o
 .debug_abbrev  0x00000000000039e2       0x12 build/startup_stm32f103xb.o

.debug_loc      0x0000000000000000     0xbda5
 .debug_loc     0x0000000000000000      0x12b build/main.o
 .debug_loc     0x000000000000012b       0x40 build/stm32f1xx_it.o
 .debug_loc     0x000000000000016b      0x19e build/stm32f1xx_hal_msp.o
 .debug_loc     0x0000000000000309      0xf32 build/stm32f1xx_hal_can.o
 .debug_loc     0x000000000000123b     0x19c9 build/stm32f1xx_hal_uart.o
 .debug_loc     0x0000000000002c04      0x1a8 build/stm32f1xx_hal.o
 .debug_loc     0x0000000000002dac      0x651 build/stm32f1xx_hal_rcc.o
 .debug_loc     0x00000000000033fd      0x501 build/stm32f1xx_hal_gpio.o
 .debug_loc     0x00000000000038fe      0x84b build/stm32f1xx_hal_dma.o
 .debug_loc     0x0000000000004149      0x63d build/stm32f1xx_hal_cortex.o
 .debug_loc     0x0000000000004786       0xdf build/system_stm32f1xx.o
 .debug_loc     0x0000000000004865      0x324 build/heap_4.o
 .debug_loc     0x0000000000004b89      0x11a build/port.o
 .debug_loc     0x0000000000004ca3       0x9c build/list.o
 .debug_loc     0x0000000000004d3f     0x1a02 build/tasks.o
 .debug_loc     0x0000000000006741     0x16ee build/cmsis_os.o
 .debug_loc     0x0000000000007e2f      0x65d build/uavcan.o
 .debug_loc     0x000000000000848c     0x2f87 build/canard.o
 .debug_loc     0x000000000000b413      0x992 build/canard_stm32.o

.debug_aranges  0x0000000000000000      0xd30
 .debug_aranges
                0x0000000000000000       0x58 build/main.o
 .debug_aranges
                0x0000000000000058       0x58 build/stm32f1xx_it.o
 .debug_aranges
                0x00000000000000b0       0x40 build/stm32f1xx_hal_msp.o
 .debug_aranges
                0x00000000000000f0       0xb0 build/stm32f1xx_hal_can.o
 .debug_aranges
                0x00000000000001a0      0x1d0 build/stm32f1xx_hal_uart.o
 .debug_aranges
                0x0000000000000370       0xd0 build/stm32f1xx_hal.o
 .debug_aranges
                0x0000000000000440       0x90 build/stm32f1xx_hal_rcc.o
 .debug_aranges
                0x00000000000004d0       0x58 build/stm32f1xx_hal_gpio.o
 .debug_aranges
                0x0000000000000528       0x80 build/stm32f1xx_hal_dma.o
 .debug_aranges
                0x00000000000005a8       0x90 build/stm32f1xx_hal_cortex.o
 .debug_aranges
                0x0000000000000638       0x28 build/system_stm32f1xx.o
 .debug_aranges
                0x0000000000000660       0x50 build/heap_4.o
 .debug_aranges
                0x00000000000006b0       0x78 build/port.o
 .debug_aranges
                0x0000000000000728       0x40 build/list.o
 .debug_aranges
                0x0000000000000768      0x190 build/tasks.o
 .debug_aranges
                0x00000000000008f8      0x1d8 build/cmsis_os.o
 .debug_aranges
                0x0000000000000ad0       0x68 build/uavcan.o
 .debug_aranges
                0x0000000000000b38      0x168 build/canard.o
 .debug_aranges
                0x0000000000000ca0       0x68 build/canard_stm32.o
 .debug_aranges
                0x0000000000000d08       0x28 build/startup_stm32f103xb.o

.debug_ranges   0x0000000000000000      0xff0
 .debug_ranges  0x0000000000000000       0x48 build/main.o
 .debug_ranges  0x0000000000000048       0x48 build/stm32f1xx_it.o
 .debug_ranges  0x0000000000000090       0x30 build/stm32f1xx_hal_msp.o
 .debug_ranges  0x00000000000000c0       0xa0 build/stm32f1xx_hal_can.o
 .debug_ranges  0x0000000000000160      0x1c0 build/stm32f1xx_hal_uart.o
 .debug_ranges  0x0000000000000320       0xc0 build/stm32f1xx_hal.o
 .debug_ranges  0x00000000000003e0       0xa0 build/stm32f1xx_hal_rcc.o
 .debug_ranges  0x0000000000000480       0x48 build/stm32f1xx_hal_gpio.o
 .debug_ranges  0x00000000000004c8       0x70 build/stm32f1xx_hal_dma.o
 .debug_ranges  0x0000000000000538       0xe0 build/stm32f1xx_hal_cortex.o
 .debug_ranges  0x0000000000000618       0x18 build/system_stm32f1xx.o
 .debug_ranges  0x0000000000000630       0x40 build/heap_4.o
 .debug_ranges  0x0000000000000670       0x68 build/port.o
 .debug_ranges  0x00000000000006d8       0x30 build/list.o
 .debug_ranges  0x0000000000000708      0x228 build/tasks.o
 .debug_ranges  0x0000000000000930      0x1c8 build/cmsis_os.o
 .debug_ranges  0x0000000000000af8       0xa0 build/uavcan.o
 .debug_ranges  0x0000000000000b98      0x310 build/canard.o
 .debug_ranges  0x0000000000000ea8      0x128 build/canard_stm32.o
 .debug_ranges  0x0000000000000fd0       0x20 build/startup_stm32f103xb.o

.debug_line     0x0000000000000000     0x676d
 .debug_line    0x0000000000000000      0x46e build/main.o
 .debug_line    0x000000000000046e      0x314 build/stm32f1xx_it.o
 .debug_line    0x0000000000000782      0x30d build/stm32f1xx_hal_msp.o
 .debug_line    0x0000000000000a8f      0x843 build/stm32f1xx_hal_can.o
 .debug_line    0x00000000000012d2      0xb76 build/stm32f1xx_hal_uart.o
 .debug_line    0x0000000000001e48      0x40a build/stm32f1xx_hal.o
 .debug_line    0x0000000000002252      0x56a build/stm32f1xx_hal_rcc.o
 .debug_line    0x00000000000027bc      0x405 build/stm32f1xx_hal_gpio.o
 .debug_line    0x0000000000002bc1      0x5d5 build/stm32f1xx_hal_dma.o
 .debug_line    0x0000000000003196      0x3b3 build/stm32f1xx_hal_cortex.o
 .debug_line    0x0000000000003549      0x238 build/system_stm32f1xx.o
 .debug_line    0x0000000000003781      0x396 build/heap_4.o
 .debug_line    0x0000000000003b17      0x2cb build/port.o
 .debug_line    0x0000000000003de2      0x2ef build/list.o
 .debug_line    0x00000000000040d1      0xb26 build/tasks.o
 .debug_line    0x0000000000004bf7      0x8bf build/cmsis_os.o
 .debug_line    0x00000000000054b6      0x3ff build/uavcan.o
 .debug_line    0x00000000000058b5      0x9e9 build/canard.o
 .debug_line    0x000000000000629e      0x45d build/canard_stm32.o
 .debug_line    0x00000000000066fb       0x72 build/startup_stm32f103xb.o

.debug_str      0x0000000000000000     0x4cf7
 .debug_str     0x0000000000000000     0x12b9 build/main.o
                                       0x13a5 (size before relaxing)
 .debug_str     0x00000000000012b9       0xcb build/stm32f1xx_it.o
                                        0xa02 (size before relaxing)
 .debug_str     0x0000000000001384       0xe8 build/stm32f1xx_hal_msp.o
                                       0x105b (size before relaxing)
 .debug_str     0x000000000000146c      0x253 build/stm32f1xx_hal_can.o
                                        0xba7 (size before relaxing)
 .debug_str     0x00000000000016bf      0x562 build/stm32f1xx_hal_uart.o
                                        0xf76 (size before relaxing)
 .debug_str     0x0000000000001c21      0x28a build/stm32f1xx_hal.o
                                        0xc13 (size before relaxing)
 .debug_str     0x0000000000001eab      0x194 build/stm32f1xx_hal_rcc.o
                                        0xa05 (size before relaxing)
 .debug_str     0x000000000000203f      0x11e build/stm32f1xx_hal_gpio.o
                                        0x82e (size before relaxing)
 .debug_str     0x000000000000215d      0x207 build/stm32f1xx_hal_dma.o
                                        0xa25 (size before relaxing)
 .debug_str     0x0000000000002364      0x25a build/stm32f1xx_hal_cortex.o
                                        0xcc1 (size before relaxing)
 .debug_str     0x00000000000025be       0x4a build/system_stm32f1xx.o
                                        0x697 (size before relaxing)
 .debug_str     0x0000000000002608      0x245 build/heap_4.o
                                        0x7be (size before relaxing)
 .debug_str     0x000000000000284d      0x277 build/port.o
                                        0x434 (size before relaxing)
 .debug_str     0x0000000000002ac4      0x141 build/list.o
                                        0x6d5 (size before relaxing)
 .debug_str     0x0000000000002c05      0x9cd build/tasks.o
                                       0x11d0 (size before relaxing)
 .debug_str     0x00000000000035d2      0x79a build/cmsis_os.o
                                       0x1188 (size before relaxing)
 .debug_str     0x0000000000003d6c      0x665 build/uavcan.o
                                        0xd19 (size before relaxing)
 .debug_str     0x00000000000043d1      0x653 build/canard.o
                                       0x1088 (size before relaxing)
 .debug_str     0x0000000000004a24      0x2d3 build/canard_stm32.o
                                        0xa5c (size before relaxing)

.comment        0x0000000000000000       0x7f
 .comment       0x0000000000000000       0x7f build/main.o
                                         0x80 (size before relaxing)
 .comment       0x000000000000007f       0x80 build/stm32f1xx_it.o
 .comment       0x000000000000007f       0x80 build/stm32f1xx_hal_msp.o
 .comment       0x000000000000007f       0x80 build/stm32f1xx_hal_can.o
 .comment       0x000000000000007f       0x80 build/stm32f1xx_hal_uart.o
 .comment       0x000000000000007f       0x80 build/stm32f1xx_hal.o
 .comment       0x000000000000007f       0x80 build/stm32f1xx_hal_rcc.o
 .comment       0x000000000000007f       0x80 build/stm32f1xx_hal_gpio.o
 .comment       0x000000000000007f       0x80 build/stm32f1xx_hal_dma.o
 .comment       0x000000000000007f       0x80 build/stm32f1xx_hal_cortex.o
 .comment       0x000000000000007f       0x80 build/system_stm32f1xx.o
 .comment       0x000000000000007f       0x80 build/heap_4.o
 .comment       0x000000000000007f       0x80 build/port.o
 .comment       0x000000000000007f       0x80 build/list.o
 .comment       0x000000000000007f       0x80 build/tasks.o
 .comment       0x000000000000007f       0x80 build/cmsis_os.o
 .comment       0x000000000000007f       0x80 build/uavcan.o
 .comment       0x000000000000007f       0x80 build/canard.o
 .comment       0x000000000000007f       0x80 build/canard_stm32.o

.debug_frame    0x0000000000000000     0x3108
 .debug_frame   0x0000000000000000       0xe0 build/main.o
 .debug_frame   0x00000000000000e0       0xa8 build/stm32f1xx_it.o
 .debug_frame   0x0000000000000188       0xac build/stm32f1xx_hal_msp.o
 .debug_frame   0x0000000000000234      0x250 build/stm32f1xx_hal_can.o
 .debug_frame   0x0000000000000484      0x57c build/stm32f1xx_hal_uart.o
 .debug_frame   0x0000000000000a00      0x1c0 build/stm32f1xx_hal.o
 .debug_frame   0x0000000000000bc0      0x18c build/stm32f1xx_hal_rcc.o
 .debug_frame   0x0000000000000d4c      0x104 build/stm32f1xx_hal_gpio.o
 .debug_frame   0x0000000000000e50      0x168 build/stm32f1xx_hal_dma.o
 .debug_frame   0x0000000000000fb8      0x13c build/stm32f1xx_hal_cortex.o
 .debug_frame   0x00000000000010f4       0x30 build/system_stm32f1xx.o
 .debug_frame   0x0000000000001124       0xbc build/heap_4.o
 .debug_frame   0x00000000000011e0       0xe8 build/port.o
 .debug_frame   0x00000000000012c8       0x70 build/list.o
 .debug_frame   0x0000000000001338      0x588 build/tasks.o
 .debug_frame   0x00000000000018c0      0x62c build/cmsis_os.o
 .debug_frame   0x0000000000001eec      0x148 build/uavcan.o
 .debug_frame   0x0000000000002034      0x560 build/canard.o
 .debug_frame   0x0000000000002594      0x170 build/canard_stm32.o
 .debug_frame   0x0000000000002704       0x40 /usr/bin/gcc-arm-none-eabi-6-2017-q2-update/bin/../lib/gcc/arm-none-eabi/6.3.1/../../../../arm-none-eabi/lib/thumb/v7-m/libc_nano.a(lib_a-assert.o)
 .debug_frame   0x0000000000002744       0x64 /usr/bin/gcc-arm-none-eabi-6-2017-q2-update/bin/../lib/gcc/arm-none-eabi/6.3.1/../../../../arm-none-eabi/lib/thumb/v7-m/libc_nano.a(lib_a-fprintf.o)
 .debug_frame   0x00000000000027a8       0x2c /usr/bin/gcc-arm-none-eabi-6-2017-q2-update/bin/../lib/gcc/arm-none-eabi/6.3.1/../../../../arm-none-eabi/lib/thumb/v7-m/libc_nano.a(lib_a-init.o)
 .debug_frame   0x00000000000027d4       0x28 /usr/bin/gcc-arm-none-eabi-6-2017-q2-update/bin/../lib/gcc/arm-none-eabi/6.3.1/../../../../arm-none-eabi/lib/thumb/v7-m/libc_nano.a(lib_a-memcpy-stub.o)
 .debug_frame   0x00000000000027fc       0x20 /usr/bin/gcc-arm-none-eabi-6-2017-q2-update/bin/../lib/gcc/arm-none-eabi/6.3.1/../../../../arm-none-eabi/lib/thumb/v7-m/libc_nano.a(lib_a-memset.o)
 .debug_frame   0x000000000000281c       0xac /usr/bin/gcc-arm-none-eabi-6-2017-q2-update/bin/../lib/gcc/arm-none-eabi/6.3.1/../../../../arm-none-eabi/lib/thumb/v7-m/libc_nano.a(lib_a-nano-vfprintf.o)
 .debug_frame   0x00000000000028c8       0x60 /usr/bin/gcc-arm-none-eabi-6-2017-q2-update/bin/../lib/gcc/arm-none-eabi/6.3.1/../../../../arm-none-eabi/lib/thumb/v7-m/libc_nano.a(lib_a-nano-vfprintf_i.o)
 .debug_frame   0x0000000000002928       0x40 /usr/bin/gcc-arm-none-eabi-6-2017-q2-update/bin/../lib/gcc/arm-none-eabi/6.3.1/../../../../arm-none-eabi/lib/thumb/v7-m/libc_nano.a(lib_a-wbuf.o)
 .debug_frame   0x0000000000002968       0x2c /usr/bin/gcc-arm-none-eabi-6-2017-q2-update/bin/../lib/gcc/arm-none-eabi/6.3.1/../../../../arm-none-eabi/lib/thumb/v7-m/libc_nano.a(lib_a-wsetup.o)
 .debug_frame   0x0000000000002994       0x28 /usr/bin/gcc-arm-none-eabi-6-2017-q2-update/bin/../lib/gcc/arm-none-eabi/6.3.1/../../../../arm-none-eabi/lib/thumb/v7-m/libc_nano.a(lib_a-abort.o)
 .debug_frame   0x00000000000029bc       0x68 /usr/bin/gcc-arm-none-eabi-6-2017-q2-update/bin/../lib/gcc/arm-none-eabi/6.3.1/../../../../arm-none-eabi/lib/thumb/v7-m/libc_nano.a(lib_a-fflush.o)
 .debug_frame   0x0000000000002a24      0x11c /usr/bin/gcc-arm-none-eabi-6-2017-q2-update/bin/../lib/gcc/arm-none-eabi/6.3.1/../../../../arm-none-eabi/lib/thumb/v7-m/libc_nano.a(lib_a-findfp.o)
 .debug_frame   0x0000000000002b40       0x54 /usr/bin/gcc-arm-none-eabi-6-2017-q2-update/bin/../lib/gcc/arm-none-eabi/6.3.1/../../../../arm-none-eabi/lib/thumb/v7-m/libc_nano.a(lib_a-fwalk.o)
 .debug_frame   0x0000000000002b94       0x58 /usr/bin/gcc-arm-none-eabi-6-2017-q2-update/bin/../lib/gcc/arm-none-eabi/6.3.1/../../../../arm-none-eabi/lib/thumb/v7-m/libc_nano.a(lib_a-makebuf.o)
 .debug_frame   0x0000000000002bec       0x28 /usr/bin/gcc-arm-none-eabi-6-2017-q2-update/bin/../lib/gcc/arm-none-eabi/6.3.1/../../../../arm-none-eabi/lib/thumb/v7-m/libc_nano.a(lib_a-memchr-stub.o)
 .debug_frame   0x0000000000002c14       0x38 /usr/bin/gcc-arm-none-eabi-6-2017-q2-update/bin/../lib/gcc/arm-none-eabi/6.3.1/../../../../arm-none-eabi/lib/thumb/v7-m/libc_nano.a(lib_a-nano-freer.o)
 .debug_frame   0x0000000000002c4c       0x2c /usr/bin/gcc-arm-none-eabi-6-2017-q2-update/bin/../lib/gcc/arm-none-eabi/6.3.1/../../../../arm-none-eabi/lib/thumb/v7-m/libc_nano.a(lib_a-nano-mallocr.o)
 .debug_frame   0x0000000000002c78       0x2c /usr/bin/gcc-arm-none-eabi-6-2017-q2-update/bin/../lib/gcc/arm-none-eabi/6.3.1/../../../../arm-none-eabi/lib/thumb/v7-m/libc_nano.a(lib_a-sbrkr.o)
 .debug_frame   0x0000000000002ca4       0xcc /usr/bin/gcc-arm-none-eabi-6-2017-q2-update/bin/../lib/gcc/arm-none-eabi/6.3.1/../../../../arm-none-eabi/lib/thumb/v7-m/libc_nano.a(lib_a-signal.o)
 .debug_frame   0x0000000000002d70       0x3c /usr/bin/gcc-arm-none-eabi-6-2017-q2-update/bin/../lib/gcc/arm-none-eabi/6.3.1/../../../../arm-none-eabi/lib/thumb/v7-m/libc_nano.a(lib_a-signalr.o)
 .debug_frame   0x0000000000002dac       0x88 /usr/bin/gcc-arm-none-eabi-6-2017-q2-update/bin/../lib/gcc/arm-none-eabi/6.3.1/../../../../arm-none-eabi/lib/thumb/v7-m/libc_nano.a(lib_a-stdio.o)
 .debug_frame   0x0000000000002e34       0x2c /usr/bin/gcc-arm-none-eabi-6-2017-q2-update/bin/../lib/gcc/arm-none-eabi/6.3.1/../../../../arm-none-eabi/lib/thumb/v7-m/libc_nano.a(lib_a-writer.o)
 .debug_frame   0x0000000000002e60       0x2c /usr/bin/gcc-arm-none-eabi-6-2017-q2-update/bin/../lib/gcc/arm-none-eabi/6.3.1/../../../../arm-none-eabi/lib/thumb/v7-m/libc_nano.a(lib_a-closer.o)
 .debug_frame   0x0000000000002e8c       0x2c /usr/bin/gcc-arm-none-eabi-6-2017-q2-update/bin/../lib/gcc/arm-none-eabi/6.3.1/../../../../arm-none-eabi/lib/thumb/v7-m/libc_nano.a(lib_a-fstatr.o)
 .debug_frame   0x0000000000002eb8       0x2c /usr/bin/gcc-arm-none-eabi-6-2017-q2-update/bin/../lib/gcc/arm-none-eabi/6.3.1/../../../../arm-none-eabi/lib/thumb/v7-m/libc_nano.a(lib_a-isattyr.o)
 .debug_frame   0x0000000000002ee4       0x2c /usr/bin/gcc-arm-none-eabi-6-2017-q2-update/bin/../lib/gcc/arm-none-eabi/6.3.1/../../../../arm-none-eabi/lib/thumb/v7-m/libc_nano.a(lib_a-lseekr.o)
 .debug_frame   0x0000000000002f10       0x30 /usr/bin/gcc-arm-none-eabi-6-2017-q2-update/bin/../lib/gcc/arm-none-eabi/6.3.1/../../../../arm-none-eabi/lib/thumb/v7-m/libc_nano.a(lib_a-mlock.o)
 .debug_frame   0x0000000000002f40       0x2c /usr/bin/gcc-arm-none-eabi-6-2017-q2-update/bin/../lib/gcc/arm-none-eabi/6.3.1/../../../../arm-none-eabi/lib/thumb/v7-m/libc_nano.a(lib_a-readr.o)
 .debug_frame   0x0000000000002f6c       0x5c /usr/bin/gcc-arm-none-eabi-6-2017-q2-update/bin/../lib/gcc/arm-none-eabi/6.3.1/../../../../arm-none-eabi/lib/thumb/v7-m/libc_nano.a(lib_a-reent.o)
 .debug_frame   0x0000000000002fc8       0x20 /usr/bin/gcc-arm-none-eabi-6-2017-q2-update/bin/../lib/gcc/arm-none-eabi/6.3.1/../../../../arm-none-eabi/lib/thumb/v7-m/libnosys.a(close.o)
 .debug_frame   0x0000000000002fe8       0x20 /usr/bin/gcc-arm-none-eabi-6-2017-q2-update/bin/../lib/gcc/arm-none-eabi/6.3.1/../../../../arm-none-eabi/lib/thumb/v7-m/libnosys.a(fstat.o)
 .debug_frame   0x0000000000003008       0x20 /usr/bin/gcc-arm-none-eabi-6-2017-q2-update/bin/../lib/gcc/arm-none-eabi/6.3.1/../../../../arm-none-eabi/lib/thumb/v7-m/libnosys.a(getpid.o)
 .debug_frame   0x0000000000003028       0x20 /usr/bin/gcc-arm-none-eabi-6-2017-q2-update/bin/../lib/gcc/arm-none-eabi/6.3.1/../../../../arm-none-eabi/lib/thumb/v7-m/libnosys.a(isatty.o)
 .debug_frame   0x0000000000003048       0x20 /usr/bin/gcc-arm-none-eabi-6-2017-q2-update/bin/../lib/gcc/arm-none-eabi/6.3.1/../../../../arm-none-eabi/lib/thumb/v7-m/libnosys.a(kill.o)
 .debug_frame   0x0000000000003068       0x20 /usr/bin/gcc-arm-none-eabi-6-2017-q2-update/bin/../lib/gcc/arm-none-eabi/6.3.1/../../../../arm-none-eabi/lib/thumb/v7-m/libnosys.a(lseek.o)
 .debug_frame   0x0000000000003088       0x20 /usr/bin/gcc-arm-none-eabi-6-2017-q2-update/bin/../lib/gcc/arm-none-eabi/6.3.1/../../../../arm-none-eabi/lib/thumb/v7-m/libnosys.a(read.o)
 .debug_frame   0x00000000000030a8       0x20 /usr/bin/gcc-arm-none-eabi-6-2017-q2-update/bin/../lib/gcc/arm-none-eabi/6.3.1/../../../../arm-none-eabi/lib/thumb/v7-m/libnosys.a(sbrk.o)
 .debug_frame   0x00000000000030c8       0x20 /usr/bin/gcc-arm-none-eabi-6-2017-q2-update/bin/../lib/gcc/arm-none-eabi/6.3.1/../../../../arm-none-eabi/lib/thumb/v7-m/libnosys.a(write.o)
 .debug_frame   0x00000000000030e8       0x20 /usr/bin/gcc-arm-none-eabi-6-2017-q2-update/bin/../lib/gcc/arm-none-eabi/6.3.1/../../../../arm-none-eabi/lib/thumb/v7-m/libnosys.a(_exit.o)

.stab           0x0000000000000000       0xcc
 .stab          0x0000000000000000       0x24 /usr/bin/gcc-arm-none-eabi-6-2017-q2-update/bin/../lib/gcc/arm-none-eabi/6.3.1/../../../../arm-none-eabi/lib/thumb/v7-m/libnosys.a(close.o)
 .stab          0x0000000000000024       0x18 /usr/bin/gcc-arm-none-eabi-6-2017-q2-update/bin/../lib/gcc/arm-none-eabi/6.3.1/../../../../arm-none-eabi/lib/thumb/v7-m/libnosys.a(fstat.o)
                                         0x24 (size before relaxing)
 .stab          0x000000000000003c       0x18 /usr/bin/gcc-arm-none-eabi-6-2017-q2-update/bin/../lib/gcc/arm-none-eabi/6.3.1/../../../../arm-none-eabi/lib/thumb/v7-m/libnosys.a(getpid.o)
                                         0x24 (size before relaxing)
 .stab          0x0000000000000054       0x18 /usr/bin/gcc-arm-none-eabi-6-2017-q2-update/bin/../lib/gcc/arm-none-eabi/6.3.1/../../../../arm-none-eabi/lib/thumb/v7-m/libnosys.a(isatty.o)
                                         0x24 (size before relaxing)
 .stab          0x000000000000006c       0x18 /usr/bin/gcc-arm-none-eabi-6-2017-q2-update/bin/../lib/gcc/arm-none-eabi/6.3.1/../../../../arm-none-eabi/lib/thumb/v7-m/libnosys.a(kill.o)
                                         0x24 (size before relaxing)
 .stab          0x0000000000000084       0x18 /usr/bin/gcc-arm-none-eabi-6-2017-q2-update/bin/../lib/gcc/arm-none-eabi/6.3.1/../../../../arm-none-eabi/lib/thumb/v7-m/libnosys.a(lseek.o)
                                         0x24 (size before relaxing)
 .stab          0x000000000000009c       0x18 /usr/bin/gcc-arm-none-eabi-6-2017-q2-update/bin/../lib/gcc/arm-none-eabi/6.3.1/../../../../arm-none-eabi/lib/thumb/v7-m/libnosys.a(read.o)
                                         0x24 (size before relaxing)
 .stab          0x00000000000000b4       0x18 /usr/bin/gcc-arm-none-eabi-6-2017-q2-update/bin/../lib/gcc/arm-none-eabi/6.3.1/../../../../arm-none-eabi/lib/thumb/v7-m/libnosys.a(write.o)
                                         0x24 (size before relaxing)

.stabstr        0x0000000000000000      0x1b9
 .stabstr       0x0000000000000000      0x1b9 /usr/bin/gcc-arm-none-eabi-6-2017-q2-update/bin/../lib/gcc/arm-none-eabi/6.3.1/../../../../arm-none-eabi/lib/thumb/v7-m/libnosys.a(close.o)

Cross Reference Table

Symbol                                            File
ADC1_2_IRQHandler                                 build/startup_stm32f103xb.o
AHBPrescTable                                     build/system_stm32f1xx.o
                                                  build/stm32f1xx_hal_rcc.o
APBPrescTable                                     build/system_stm32f1xx.o
                                                  build/stm32f1xx_hal_rcc.o
BusFault_Handler                                  build/stm32f1xx_it.o
CAN1_RX1_IRQHandler                               build/startup_stm32f103xb.o
CAN1_SCE_IRQHandler                               build/startup_stm32f103xb.o
DMA1_Channel1_IRQHandler                          build/startup_stm32f103xb.o
DMA1_Channel2_IRQHandler                          build/startup_stm32f103xb.o
DMA1_Channel3_IRQHandler                          build/startup_stm32f103xb.o
DMA1_Channel4_IRQHandler                          build/startup_stm32f103xb.o
DMA1_Channel5_IRQHandler                          build/startup_stm32f103xb.o
DMA1_Channel6_IRQHandler                          build/startup_stm32f103xb.o
DMA1_Channel7_IRQHandler                          build/startup_stm32f103xb.o
DebugMon_Handler                                  build/stm32f1xx_it.o
Default_Handler                                   build/startup_stm32f103xb.o
EXTI0_IRQHandler                                  build/startup_stm32f103xb.o
EXTI15_10_IRQHandler                              build/startup_stm32f103xb.o
EXTI1_IRQHandler                                  build/startup_stm32f103xb.o
EXTI2_IRQHandler                                  build/startup_stm32f103xb.o
EXTI3_IRQHandler                                  build/startup_stm32f103xb.o
EXTI4_IRQHandler                                  build/startup_stm32f103xb.o
EXTI9_5_IRQHandler                                build/startup_stm32f103xb.o
FLASH_IRQHandler                                  build/startup_stm32f103xb.o
FLASH_PageErase                                   build/stm32f1xx_hal_flash_ex.o
                                                  build/stm32f1xx_hal_flash.o
FLASH_WaitForLastOperation                        build/stm32f1xx_hal_flash.o
                                                  build/stm32f1xx_hal_flash_ex.o
HAL_CAN_ConfigFilter                              build/stm32f1xx_hal_can.o
HAL_CAN_DeInit                                    build/stm32f1xx_hal_can.o
HAL_CAN_ErrorCallback                             build/stm32f1xx_hal_can.o
HAL_CAN_GetError                                  build/stm32f1xx_hal_can.o
HAL_CAN_GetState                                  build/stm32f1xx_hal_can.o
HAL_CAN_IRQHandler                                build/stm32f1xx_hal_can.o
HAL_CAN_Init                                      build/stm32f1xx_hal_can.o
                                                  build/main.o
HAL_CAN_MspDeInit                                 build/stm32f1xx_hal_msp.o
HAL_CAN_MspInit                                   build/stm32f1xx_hal_msp.o
HAL_CAN_Receive                                   build/stm32f1xx_hal_can.o